<?xml version="1.0" encoding="UTF-8" ?>
<testsuites name="vitest tests" tests="991" failures="0" errors="0" time="301.9055853">
    <testsuite name="test/commands/build.test.ts" timestamp="2026-09-11T20:21:15.958Z" hostname="Jane" tests="14" failures="0" errors="0" skipped="0" time="8.3586356">
        <testcase classname="test/commands/build.test.ts" name="build &gt; cleans dist/ before compiling" time="1.4432045">
        </testcase>
        <testcase classname="test/commands/build.test.ts" name="build &gt; compiles TypeScript via the project&apos;s own tsc" time="0.5047089">
        </testcase>
        <testcase classname="test/commands/build.test.ts" name="build &gt; does not build a React frontend when detectReact returns false" time="0.4974946">
        </testcase>
        <testcase classname="test/commands/build.test.ts" name="build &gt; when React is configured &gt; runs vite build after the main tsc pass" time="0.5260164">
        </testcase>
        <testcase classname="test/commands/build.test.ts" name="build &gt; when React is configured &gt; also compiles tsconfig.client.json when it exists" time="0.5166149">
        </testcase>
        <testcase classname="test/commands/build.test.ts" name="build &gt; when React is configured &gt; skips the client tsc pass when tsconfig.client.json does not exist" time="0.4558207">
        </testcase>
        <testcase classname="test/commands/build.test.ts" name="build &gt; linting &gt; lints before cleaning/compiling, targeting whichever of src/test/apps exist" time="0.4857717">
        </testcase>
        <testcase classname="test/commands/build.test.ts" name="build &gt; linting &gt; includes apps when it exists (React-configured projects)" time="0.4913137">
        </testcase>
        <testcase classname="test/commands/build.test.ts" name="build &gt; linting &gt; omits a lint target directory that does not exist" time="0.6233243">
        </testcase>
        <testcase classname="test/commands/build.test.ts" name="build &gt; linting &gt; skips linting entirely when --no-lint is set" time="0.5676526">
        </testcase>
        <testcase classname="test/commands/build.test.ts" name="build &gt; linting &gt; propagates an error thrown by the lint step, without cleaning or compiling" time="0.5630929">
        </testcase>
        <testcase classname="test/commands/build.test.ts" name="build &gt; propagates an error thrown by the tsc build step" time="0.4830118">
        </testcase>
        <testcase classname="test/commands/build.test.ts" name="build &gt; propagates an error thrown by the vite build step" time="0.5909498">
        </testcase>
        <testcase classname="test/commands/build.test.ts" name="build &gt; falls back to String(e) when a build step errors with a non-Error value" time="0.6077699">
        </testcase>
    </testsuite>
    <testsuite name="test/commands/dev.test.ts" timestamp="2026-09-11T20:21:15.963Z" hostname="Jane" tests="37" failures="0" errors="0" skipped="0" time="18.18747">
        <testcase classname="test/commands/dev.test.ts" name="dev &gt; server process &gt; spawns tsx from the project node_modules/.bin with --watch src/server.ts" time="1.2390743">
        </testcase>
        <testcase classname="test/commands/dev.test.ts" name="dev &gt; server process &gt; prepends --inspect=0.0.0.0:9229 to tsx args when --inspect is passed" time="0.6143132">
        </testcase>
        <testcase classname="test/commands/dev.test.ts" name="dev &gt; server process &gt; passes db env vars into the tsx process environment" time="0.5884491">
        </testcase>
        <testcase classname="test/commands/dev.test.ts" name="dev &gt; server process &gt; includes project node_modules/.bin in PATH for the server process" time="0.4934973">
        </testcase>
        <testcase classname="test/commands/dev.test.ts" name="dev &gt; database lifecycle &gt; calls detectDatabases before starting the server" time="0.4642204">
        </testcase>
        <testcase classname="test/commands/dev.test.ts" name="dev &gt; database lifecycle &gt; passes the detected config to startDatabases" time="0.4566083">
        </testcase>
        <testcase classname="test/commands/dev.test.ts" name="dev &gt; database lifecycle &gt; calls server.stop() on each started database after the server exits" time="0.4751377">
        </testcase>
        <testcase classname="test/commands/dev.test.ts" name="dev &gt; database lifecycle &gt; does not throw when no databases are configured" time="0.4565548">
        </testcase>
        <testcase classname="test/commands/dev.test.ts" name="dev &gt; port detection &gt; defaults to port 3000 and passes it to findAvailablePort" time="0.5076785">
        </testcase>
        <testcase classname="test/commands/dev.test.ts" name="dev &gt; port detection &gt; passes the port through to the server env when free" time="0.4811921">
        </testcase>
        <testcase classname="test/commands/dev.test.ts" name="dev &gt; port detection &gt; uses --port as the preferred base port" time="0.4666514">
        </testcase>
        <testcase classname="test/commands/dev.test.ts" name="dev &gt; port detection &gt; falls back to the port returned by findAvailablePort when the preferred one is occupied" time="0.4845411">
        </testcase>
        <testcase classname="test/commands/dev.test.ts" name="dev &gt; port detection &gt; warns when falling back to a different port" time="0.5314471">
        </testcase>
        <testcase classname="test/commands/dev.test.ts" name="dev &gt; port detection &gt; does not warn when the preferred port is free" time="0.4586186">
        </testcase>
        <testcase classname="test/commands/dev.test.ts" name="dev &gt; port detection &gt; throws when --port is explicitly set and that port is already in use" time="0.5690891">
        </testcase>
        <testcase classname="test/commands/dev.test.ts" name="dev &gt; port detection &gt; does not spawn the server when the explicit --port is already in use" time="0.4706298">
        </testcase>
        <testcase classname="test/commands/dev.test.ts" name="dev &gt; port detection &gt; does not warn when --port is explicitly set and already in use (it throws instead)" time="0.4782901">
        </testcase>
        <testcase classname="test/commands/dev.test.ts" name="dev &gt; port detection &gt; does not throw when --port is explicitly set and already free" time="0.460376">
        </testcase>
        <testcase classname="test/commands/dev.test.ts" name="dev &gt; React / Vite integration &gt; does not spawn vite when detectReact returns false" time="0.4640657">
        </testcase>
        <testcase classname="test/commands/dev.test.ts" name="dev &gt; React / Vite integration &gt; spawns vite build --watch concurrently when detectReact returns true" time="0.4447798">
        </testcase>
        <testcase classname="test/commands/dev.test.ts" name="dev &gt; React / Vite integration &gt; vite process receives the same db env vars as the server" time="0.5501863">
        </testcase>
        <testcase classname="test/commands/dev.test.ts" name="dev &gt; --docker flag &gt; skips detectDatabases when --docker is set" time="0.4849098">
        </testcase>
        <testcase classname="test/commands/dev.test.ts" name="dev &gt; --docker flag &gt; skips startDatabases when --docker is set" time="0.4991862">
        </testcase>
        <testcase classname="test/commands/dev.test.ts" name="dev &gt; --docker flag &gt; still spawns the tsx server when --docker is set" time="0.6004558">
        </testcase>
        <testcase classname="test/commands/dev.test.ts" name="dev &gt; --docker flag &gt; passes no db env vars to the tsx process when --docker is set" time="0.5759944">
        </testcase>
        <testcase classname="test/commands/dev.test.ts" name="dev &gt; --docker flag &gt; does not stop any database servers on exit when --docker is set" time="0.4751155">
        </testcase>
        <testcase classname="test/commands/dev.test.ts" name="dev &gt; --docker flag &gt; still spawns vite in watch mode when --docker is set and React is configured" time="0.4643679">
        </testcase>
        <testcase classname="test/commands/dev.test.ts" name="dev &gt; environment variable passthrough &gt; passes shell env vars through to the tsx process" time="0.4705371">
        </testcase>
        <testcase classname="test/commands/dev.test.ts" name="dev &gt; environment variable passthrough &gt; passes shell env vars through to the tsx process in --docker mode" time="0.5066158">
        </testcase>
        <testcase classname="test/commands/dev.test.ts" name="dev &gt; environment variable passthrough &gt; db env vars take precedence over shell env vars of the same name" time="0.4804757">
        </testcase>
        <testcase classname="test/commands/dev.test.ts" name="dev &gt; environment variable passthrough &gt; vite process receives the same shell env vars as the tsx server" time="0.4931898">
        </testcase>
        <testcase classname="test/commands/dev.test.ts" name="dev &gt; error handling &gt; throws when startDatabases rejects with an Error" time="0.5512727">
        </testcase>
        <testcase classname="test/commands/dev.test.ts" name="dev &gt; error handling &gt; falls back to String(e) when startDatabases rejects with a non-Error value" time="0.4543725">
        </testcase>
        <testcase classname="test/commands/dev.test.ts" name="dev &gt; error handling &gt; does not spawn the server when startDatabases rejects" time="0.4528291">
        </testcase>
        <testcase classname="test/commands/dev.test.ts" name="dev &gt; platform-specific behavior &gt; does not append .cmd to the tsx/vite binary names on non-Windows platforms" time="0.0117715">
        </testcase>
        <testcase classname="test/commands/dev.test.ts" name="dev &gt; platform-specific behavior &gt; falls back to an empty string when process.env.PATH is unset" time="0.0297518">
        </testcase>
        <testcase classname="test/commands/dev.test.ts" name="dev &gt; database log/warn forwarding &gt; forwards log and warn messages from startDatabases through to the command" time="0.4792628">
        </testcase>
    </testsuite>
    <testsuite name="test/commands/doctor.test.ts" timestamp="2026-09-11T20:21:15.968Z" hostname="Jane" tests="17" failures="0" errors="0" skipped="0" time="8.9381675">
        <testcase classname="test/commands/doctor.test.ts" name="doctor &gt; calls runDoctor with the current working directory and the CLI templates dir" time="1.2485272">
        </testcase>
        <testcase classname="test/commands/doctor.test.ts" name="doctor &gt; reports &quot;No issues found.&quot; when there are no findings" time="0.610335">
        </testcase>
        <testcase classname="test/commands/doctor.test.ts" name="doctor &gt; does not exit with an error code when there are no findings" time="0.507241">
        </testcase>
        <testcase classname="test/commands/doctor.test.ts" name="doctor &gt; lists errors and warnings separately" time="0.4681282">
        </testcase>
        <testcase classname="test/commands/doctor.test.ts" name="doctor &gt; includes the file path in listed findings when present" time="0.4881458">
        </testcase>
        <testcase classname="test/commands/doctor.test.ts" name="doctor &gt; includes the file path for fixed findings when present" time="0.4757287">
        </testcase>
        <testcase classname="test/commands/doctor.test.ts" name="doctor &gt; exits with code 1 when an error-severity finding remains" time="0.4556738">
        </testcase>
        <testcase classname="test/commands/doctor.test.ts" name="doctor &gt; does not exit with an error code when only warnings remain" time="0.4545268">
        </testcase>
        <testcase classname="test/commands/doctor.test.ts" name="doctor &gt; mentions that fixable issues can be resolved with --fix when not already fixing" time="0.445525">
        </testcase>
        <testcase classname="test/commands/doctor.test.ts" name="doctor &gt; --fix &gt; calls applyFixes with the findings from the first run" time="0.4627601">
        </testcase>
        <testcase classname="test/commands/doctor.test.ts" name="doctor &gt; --fix &gt; re-runs the checks after fixes are applied" time="0.4615333">
        </testcase>
        <testcase classname="test/commands/doctor.test.ts" name="doctor &gt; --fix &gt; does not re-run the checks when nothing was fixed" time="0.4342195">
        </testcase>
        <testcase classname="test/commands/doctor.test.ts" name="doctor &gt; --fix &gt; reports what was fixed" time="0.4366501">
        </testcase>
        <testcase classname="test/commands/doctor.test.ts" name="doctor &gt; --fix &gt; exits with code 1 if an error-severity finding remains after fixing" time="0.4631311">
        </testcase>
        <testcase classname="test/commands/doctor.test.ts" name="doctor &gt; --json &gt; prints a JSON report and does not print the plain-text report" time="0.4492627">
        </testcase>
        <testcase classname="test/commands/doctor.test.ts" name="doctor &gt; --json &gt; reports ok: true when there are no error-severity findings" time="0.4416079">
        </testcase>
        <testcase classname="test/commands/doctor.test.ts" name="doctor &gt; --json &gt; includes the ids of fixed findings" time="0.6337323">
        </testcase>
    </testsuite>
    <testsuite name="test/commands/release.test.ts" timestamp="2026-09-11T20:21:15.971Z" hostname="Jane" tests="12" failures="0" errors="0" skipped="0" time="6.8781288">
        <testcase classname="test/commands/release.test.ts" name="release &gt; runs the full release flow in order and pushes by default" time="1.3612274">
        </testcase>
        <testcase classname="test/commands/release.test.ts" name="release &gt; passes --preid through to computeNewVersion" time="0.5497183">
        </testcase>
        <testcase classname="test/commands/release.test.ts" name="release &gt; skips push and does not call pushRelease when --no-push is set" time="0.4745913">
        </testcase>
        <testcase classname="test/commands/release.test.ts" name="release &gt; does not mutate anything on --dry-run" time="0.5830322">
        </testcase>
        <testcase classname="test/commands/release.test.ts" name="release &gt; still validates on --dry-run and errors if there is no Unreleased section" time="0.4882024">
        </testcase>
        <testcase classname="test/commands/release.test.ts" name="release &gt; Helm detection &gt; updates Helm files and stages them when a Helm chart is present" time="0.5092718">
        </testcase>
        <testcase classname="test/commands/release.test.ts" name="release &gt; Helm detection &gt; does not call validateHelmFiles or updateHelmVersion when no Helm chart is present" time="0.5139805">
        </testcase>
        <testcase classname="test/commands/release.test.ts" name="release &gt; Helm detection &gt; errors before any mutation when the Helm chart is malformed" time="0.4755942">
        </testcase>
        <testcase classname="test/commands/release.test.ts" name="release &gt; pre-flight failures &gt; errors and never mutates when there is no Unreleased section" time="0.4612906">
        </testcase>
        <testcase classname="test/commands/release.test.ts" name="release &gt; pre-flight failures &gt; errors and never mutates when the working tree is dirty" time="0.4782925">
        </testcase>
        <testcase classname="test/commands/release.test.ts" name="release &gt; pre-flight failures &gt; errors when computeNewVersion rejects the given bump, without checking Unreleased/Helm" time="0.5147138">
        </testcase>
        <testcase classname="test/commands/release.test.ts" name="release &gt; reports partial-modification guidance when a mutation step fails" time="0.4662929">
        </testcase>
    </testsuite>
    <testsuite name="test/commands/start.test.ts" timestamp="2026-09-11T20:21:15.972Z" hostname="Jane" tests="46" failures="0" errors="0" skipped="0" time="23.4773215">
        <testcase classname="test/commands/start.test.ts" name="start &gt; --no-build flag &gt; skips the build step entirely and goes straight to starting the server" time="1.3014524">
        </testcase>
        <testcase classname="test/commands/start.test.ts" name="start &gt; build step (without --no-build) &gt; delegates the full build (including any React frontend) to the build command" time="0.4771192">
        </testcase>
        <testcase classname="test/commands/start.test.ts" name="start &gt; build step (without --no-build) &gt; runs the build before starting the server" time="0.4797043">
        </testcase>
        <testcase classname="test/commands/start.test.ts" name="start &gt; build step (without --no-build) &gt; passes --no-lint through to the build command when set" time="0.5627891">
        </testcase>
        <testcase classname="test/commands/start.test.ts" name="start &gt; build step (without --no-build) &gt; does not pass --no-lint to the build command by default" time="0.4840235">
        </testcase>
        <testcase classname="test/commands/start.test.ts" name="start &gt; server process &gt; spawns node with a server.js path" time="0.4460515">
        </testcase>
        <testcase classname="test/commands/start.test.ts" name="start &gt; server process &gt; checks for server files relative to the project cwd, not the node binary path" time="0.490542">
        </testcase>
        <testcase classname="test/commands/start.test.ts" name="start &gt; server process &gt; falls back to dist/server.js when no specific layout is detected" time="0.4507748">
        </testcase>
        <testcase classname="test/commands/start.test.ts" name="start &gt; server process &gt; uses dist/server/server.js when existsSync returns true for that path (first check)" time="0.4460902">
        </testcase>
        <testcase classname="test/commands/start.test.ts" name="start &gt; server process &gt; uses dist/src/server.js when the first check fails but the second succeeds" time="0.4597413">
        </testcase>
        <testcase classname="test/commands/start.test.ts" name="start &gt; server process &gt; passes db env vars into the server process environment" time="0.4618833">
        </testcase>
        <testcase classname="test/commands/start.test.ts" name="start &gt; database lifecycle &gt; calls detectDatabases before starting the server" time="0.439847">
        </testcase>
        <testcase classname="test/commands/start.test.ts" name="start &gt; database lifecycle &gt; passes the detected config to startDatabases" time="0.504171">
        </testcase>
        <testcase classname="test/commands/start.test.ts" name="start &gt; database lifecycle &gt; calls server.stop() on each started database after server exits" time="0.4649986">
        </testcase>
        <testcase classname="test/commands/start.test.ts" name="start &gt; --docker flag &gt; skips detectDatabases when --docker is set" time="0.4811548">
        </testcase>
        <testcase classname="test/commands/start.test.ts" name="start &gt; --docker flag &gt; skips startDatabases when --docker is set" time="0.4626815">
        </testcase>
        <testcase classname="test/commands/start.test.ts" name="start &gt; --docker flag &gt; still spawns the server process when --docker is set" time="0.5444835">
        </testcase>
        <testcase classname="test/commands/start.test.ts" name="start &gt; --docker flag &gt; passes no db env vars to the server process when --docker is set" time="0.4795699">
        </testcase>
        <testcase classname="test/commands/start.test.ts" name="start &gt; --docker flag &gt; still runs the build step when --docker is set without --no-build" time="0.4546183">
        </testcase>
        <testcase classname="test/commands/start.test.ts" name="start &gt; --docker flag &gt; does not stop any database servers on exit when --docker is set" time="0.4463988">
        </testcase>
        <testcase classname="test/commands/start.test.ts" name="start &gt; environment variable passthrough &gt; passes shell env vars through to the server process" time="0.4565438">
        </testcase>
        <testcase classname="test/commands/start.test.ts" name="start &gt; environment variable passthrough &gt; passes shell env vars through to the server process in --docker mode" time="0.4579129">
        </testcase>
        <testcase classname="test/commands/start.test.ts" name="start &gt; environment variable passthrough &gt; db env vars take precedence over shell env vars of the same name" time="0.5620962">
        </testcase>
        <testcase classname="test/commands/start.test.ts" name="start &gt; port detection &gt; defaults to port 3000 and passes it to findAvailablePort" time="0.463556">
        </testcase>
        <testcase classname="test/commands/start.test.ts" name="start &gt; port detection &gt; passes the port through to the server env when free" time="0.5200368">
        </testcase>
        <testcase classname="test/commands/start.test.ts" name="start &gt; port detection &gt; uses --port as the preferred base port" time="0.5476958">
        </testcase>
        <testcase classname="test/commands/start.test.ts" name="start &gt; port detection &gt; falls back to the port returned by findAvailablePort when the preferred one is occupied" time="0.528116">
        </testcase>
        <testcase classname="test/commands/start.test.ts" name="start &gt; port detection &gt; warns when falling back to a different port" time="0.4820246">
        </testcase>
        <testcase classname="test/commands/start.test.ts" name="start &gt; port detection &gt; does not warn when the preferred port is free" time="0.4912046">
        </testcase>
        <testcase classname="test/commands/start.test.ts" name="start &gt; port detection &gt; throws when --port is explicitly set and that port is already in use" time="0.465776">
        </testcase>
        <testcase classname="test/commands/start.test.ts" name="start &gt; port detection &gt; does not spawn the server when the explicit --port is already in use" time="0.5584541">
        </testcase>
        <testcase classname="test/commands/start.test.ts" name="start &gt; port detection &gt; does not warn when --port is explicitly set and already in use (it throws instead)" time="0.4800976">
        </testcase>
        <testcase classname="test/commands/start.test.ts" name="start &gt; port detection &gt; does not throw when --port is explicitly set and already free" time="0.4853807">
        </testcase>
        <testcase classname="test/commands/start.test.ts" name="start &gt; error handling &gt; throws when the build command (Build.run) rejects" time="0.5816204">
        </testcase>
        <testcase classname="test/commands/start.test.ts" name="start &gt; error handling &gt; does not start databases when the build command fails" time="0.5402472">
        </testcase>
        <testcase classname="test/commands/start.test.ts" name="start &gt; error handling &gt; throws when startDatabases rejects" time="0.5119524">
        </testcase>
        <testcase classname="test/commands/start.test.ts" name="start &gt; error handling &gt; does not spawn the server when startDatabases rejects" time="0.4801657">
        </testcase>
        <testcase classname="test/commands/start.test.ts" name="start &gt; error handling &gt; falls back to String(e) when startDatabases rejects with a non-Error value" time="0.6269389">
        </testcase>
        <testcase classname="test/commands/start.test.ts" name="start &gt; --bun flag &gt; spawns the resolved Bun executable instead of the node executable when --bun is set" time="0.4590417">
        </testcase>
        <testcase classname="test/commands/start.test.ts" name="start &gt; --bun flag &gt; spawns a downloaded Bun binary path when resolveBunExecutable returns one" time="0.4503518">
        </testcase>
        <testcase classname="test/commands/start.test.ts" name="start &gt; --bun flag &gt; does not call resolveBunExecutable when --bun is not set" time="0.5111133">
        </testcase>
        <testcase classname="test/commands/start.test.ts" name="start &gt; --bun flag &gt; throws when resolveBunExecutable rejects (e.g. download failure)" time="0.4650425">
        </testcase>
        <testcase classname="test/commands/start.test.ts" name="start &gt; --bun flag &gt; falls back to String(e) when resolveBunExecutable rejects with a non-Error value" time="0.4724628">
        </testcase>
        <testcase classname="test/commands/start.test.ts" name="start &gt; --bun flag &gt; does not spawn the server when resolveBunExecutable rejects" time="0.454948">
        </testcase>
        <testcase classname="test/commands/start.test.ts" name="start &gt; --bun flag &gt; forwards resolveBunExecutable log/warn messages through to the command" time="0.5166827">
        </testcase>
        <testcase classname="test/commands/start.test.ts" name="start &gt; database log/warn forwarding &gt; forwards log and warn messages from startDatabases through to the command" time="0.5677764">
        </testcase>
    </testsuite>
    <testsuite name="test/commands/test.test.ts" timestamp="2026-09-11T20:21:15.978Z" hostname="Jane" tests="8" failures="0" errors="0" skipped="0" time="4.5088891">
        <testcase classname="test/commands/test.test.ts" name="test &gt; runs `vitest run` by default (no coverage, no watch)" time="1.255523">
        </testcase>
        <testcase classname="test/commands/test.test.ts" name="test &gt; adds --coverage when --coverage is set" time="0.5073289">
        </testcase>
        <testcase classname="test/commands/test.test.ts" name="test &gt; drops &quot;run&quot; (watch mode) when --watch is set" time="0.443215">
        </testcase>
        <testcase classname="test/commands/test.test.ts" name="test &gt; combines --watch and --coverage" time="0.4846462">
        </testcase>
        <testcase classname="test/commands/test.test.ts" name="test &gt; passes extra positional args (e.g. a test file path) through to vitest" time="0.4630757">
        </testcase>
        <testcase classname="test/commands/test.test.ts" name="test &gt; appends extra positional args after flags in watch+coverage mode" time="0.4523838">
        </testcase>
        <testcase classname="test/commands/test.test.ts" name="test &gt; propagates an error from runProjectBin" time="0.4412306">
        </testcase>
        <testcase classname="test/commands/test.test.ts" name="test &gt; falls back to String(e) when runProjectBin rejects with a non-Error value" time="0.4599109">
        </testcase>
    </testsuite>
    <testsuite name="test/commands/upgrade.test.ts" timestamp="2026-09-11T20:21:15.979Z" hostname="Jane" tests="13" failures="0" errors="0" skipped="0" time="7.088106">
        <testcase classname="test/commands/upgrade.test.ts" name="upgrade &gt; calls planUpgrade with the current working directory and the CLI templates dir" time="1.1846565">
        </testcase>
        <testcase classname="test/commands/upgrade.test.ts" name="upgrade &gt; reports &quot;Already up to date.&quot; when there is nothing to change" time="0.4987272">
        </testcase>
        <testcase classname="test/commands/upgrade.test.ts" name="upgrade &gt; does not call applyUpgrade without --write" time="0.4905481">
        </testcase>
        <testcase classname="test/commands/upgrade.test.ts" name="upgrade &gt; lists file changes and says &quot;Would update&quot; without --write" time="0.4646606">
        </testcase>
        <testcase classname="test/commands/upgrade.test.ts" name="upgrade &gt; lists dependency changes with from -&gt; to" time="0.5256268">
        </testcase>
        <testcase classname="test/commands/upgrade.test.ts" name="upgrade &gt; shows &quot;(missing)&quot; for a newly-added dependency with no prior version" time="0.6155789">
        </testcase>
        <testcase classname="test/commands/upgrade.test.ts" name="upgrade &gt; --write &gt; calls applyUpgrade with the plan from planUpgrade" time="0.4955947">
        </testcase>
        <testcase classname="test/commands/upgrade.test.ts" name="upgrade &gt; --write &gt; says &quot;Updated&quot; instead of &quot;Would update&quot;, and does not prompt to run --write" time="0.4439742">
        </testcase>
        <testcase classname="test/commands/upgrade.test.ts" name="upgrade &gt; --write &gt; still reports &quot;Already up to date.&quot; with --write when there is nothing to change" time="0.4723295">
        </testcase>
        <testcase classname="test/commands/upgrade.test.ts" name="upgrade &gt; --json &gt; prints a JSON report and does not print the plain-text report" time="0.4541491">
        </testcase>
        <testcase classname="test/commands/upgrade.test.ts" name="upgrade &gt; --json &gt; does not leak full file content into the JSON report" time="0.446813">
        </testcase>
        <testcase classname="test/commands/upgrade.test.ts" name="upgrade &gt; --json &gt; reports applied: true when --write is passed and there are changes" time="0.4688594">
        </testcase>
        <testcase classname="test/commands/upgrade.test.ts" name="upgrade &gt; --json &gt; reports applied: false when --write is passed but there is nothing to change" time="0.5249271">
        </testcase>
    </testsuite>
    <testsuite name="test/lib/bun.test.ts" timestamp="2026-09-11T20:21:15.981Z" hostname="Jane" tests="23" failures="0" errors="0" skipped="0" time="0.0109177">
        <testcase classname="test/lib/bun.test.ts" name="bunAssetName &gt; maps darwin/x64 to bun-darwin-x64" time="0.0011768">
        </testcase>
        <testcase classname="test/lib/bun.test.ts" name="bunAssetName &gt; maps darwin/arm64 to bun-darwin-aarch64" time="0.0001117">
        </testcase>
        <testcase classname="test/lib/bun.test.ts" name="bunAssetName &gt; maps linux/x64 to bun-linux-x64" time="0.0000728">
        </testcase>
        <testcase classname="test/lib/bun.test.ts" name="bunAssetName &gt; maps linux/arm64 to bun-linux-aarch64" time="0.0000608">
        </testcase>
        <testcase classname="test/lib/bun.test.ts" name="bunAssetName &gt; maps win32/x64 to bun-windows-x64" time="0.0000628">
        </testcase>
        <testcase classname="test/lib/bun.test.ts" name="bunAssetName &gt; throws for win32/arm64 (unsupported)" time="0.0005276">
        </testcase>
        <testcase classname="test/lib/bun.test.ts" name="bunAssetName &gt; throws for an unsupported platform" time="0.0001263">
        </testcase>
        <testcase classname="test/lib/bun.test.ts" name="getBunVersion &gt; returns the parsed version when the command succeeds" time="0.0004731">
        </testcase>
        <testcase classname="test/lib/bun.test.ts" name="getBunVersion &gt; coerces extraneous output into a valid version" time="0.0001785">
        </testcase>
        <testcase classname="test/lib/bun.test.ts" name="getBunVersion &gt; returns undefined when the command fails (e.g. not installed)" time="0.0001648">
        </testcase>
        <testcase classname="test/lib/bun.test.ts" name="resolveBunExecutable &gt; returns &quot;bun&quot; when the system version already satisfies the minimum" time="0.0005715">
        </testcase>
        <testcase classname="test/lib/bun.test.ts" name="resolveBunExecutable &gt; returns &quot;bun&quot; when the system version exceeds the minimum" time="0.0002226">
        </testcase>
        <testcase classname="test/lib/bun.test.ts" name="resolveBunExecutable &gt; warns and looks elsewhere when the system version is below the minimum" time="0.0015441">
        </testcase>
        <testcase classname="test/lib/bun.test.ts" name="resolveBunExecutable &gt; logs when bun is not installed at all" time="0.0003229">
        </testcase>
        <testcase classname="test/lib/bun.test.ts" name="resolveBunExecutable &gt; reuses the highest cached version satisfying the minimum, without downloading" time="0.0003896">
        </testcase>
        <testcase classname="test/lib/bun.test.ts" name="resolveBunExecutable &gt; ignores cached versions below the minimum" time="0.0005168">
        </testcase>
        <testcase classname="test/lib/bun.test.ts" name="resolveBunExecutable &gt; falls through to the next-highest cached version when the highest one is missing its binary" time="0.000246">
        </testcase>
        <testcase classname="test/lib/bun.test.ts" name="resolveBunExecutable &gt; downloads and extracts the latest release when nothing is cached" time="0.001007">
        </testcase>
        <testcase classname="test/lib/bun.test.ts" name="resolveBunExecutable &gt; does not chmod on win32" time="0.000275">
        </testcase>
        <testcase classname="test/lib/bun.test.ts" name="resolveBunExecutable &gt; throws when the latest release is still below the minimum version" time="0.0007478">
        </testcase>
        <testcase classname="test/lib/bun.test.ts" name="resolveBunExecutable &gt; throws when the &quot;latest&quot; redirect cannot be resolved" time="0.0002844">
        </testcase>
        <testcase classname="test/lib/bun.test.ts" name="resolveBunExecutable &gt; throws a descriptive error when the download request fails" time="0.0002971">
        </testcase>
        <testcase classname="test/lib/bun.test.ts" name="resolveBunExecutable &gt; throws a descriptive error when the archive does not contain the expected binary" time="0.0003081">
        </testcase>
    </testsuite>
    <testsuite name="test/lib/db-errors.test.ts" timestamp="2026-09-11T20:21:15.983Z" hostname="Jane" tests="7" failures="0" errors="0" skipped="0" time="0.0044619">
        <testcase classname="test/lib/db-errors.test.ts" name="startDatabases error handling &gt; wraps a MongoDB startup failure (Error) with a descriptive message" time="0.002076">
        </testcase>
        <testcase classname="test/lib/db-errors.test.ts" name="startDatabases error handling &gt; wraps a MongoDB startup failure (non-Error) with a descriptive message" time="0.0001975">
        </testcase>
        <testcase classname="test/lib/db-errors.test.ts" name="startDatabases error handling &gt; wraps a Redis startup failure (Error) with a descriptive message" time="0.0002281">
        </testcase>
        <testcase classname="test/lib/db-errors.test.ts" name="startDatabases error handling &gt; wraps a Redis startup failure (non-Error) with a descriptive message" time="0.0002277">
        </testcase>
        <testcase classname="test/lib/db-errors.test.ts" name="startDatabases error handling &gt; wraps a Postgres startup failure (Error) with a descriptive message" time="0.0001938">
        </testcase>
        <testcase classname="test/lib/db-errors.test.ts" name="startDatabases error handling &gt; wraps a Postgres startup failure (non-Error) with a descriptive message" time="0.0001567">
        </testcase>
        <testcase classname="test/lib/db-errors.test.ts" name="startDatabases error handling &gt; leaves the ACL datastore as mongodb when both mongodb and postgresql are configured" time="0.0003302">
        </testcase>
    </testsuite>
    <testsuite name="test/lib/db.test.ts" timestamp="2026-09-11T20:21:15.984Z" hostname="Jane" tests="11" failures="0" errors="0" skipped="0" time="9.6821901">
        <testcase classname="test/lib/db.test.ts" name="detectDatabases &gt; detects mongodb from type: &quot;mongodb&quot; in datastores" time="0.4325441">
        </testcase>
        <testcase classname="test/lib/db.test.ts" name="detectDatabases &gt; detects redis from type: &quot;redis&quot; in datastores" time="0.374734">
        </testcase>
        <testcase classname="test/lib/db.test.ts" name="detectDatabases &gt; detects postgresql from type: &quot;postgres&quot; in datastores (TypeORM&apos;s driver literal, not the feature name)" time="0.3449813">
        </testcase>
        <testcase classname="test/lib/db.test.ts" name="detectDatabases &gt; detects multiple database types from a single config" time="0.3674335">
        </testcase>
        <testcase classname="test/lib/db.test.ts" name="detectDatabases &gt; returns all false when config has no datastore types" time="0.3576549">
        </testcase>
        <testcase classname="test/lib/db.test.ts" name="detectDatabases &gt; returns all false when src/config.ts does not exist" time="0.0033461">
        </testcase>
        <testcase classname="test/lib/db.test.ts" name="detectDatabases &gt; follows a config.ts that only re-exports another module (split config)" time="0.341988">
        </testcase>
        <testcase classname="test/lib/db.test.ts" name="startDatabases &gt; starts mongodb-memory-server and sets DATASTORES env vars" time="0.7493362">
        </testcase>
        <testcase classname="test/lib/db.test.ts" name="startDatabases &gt; sets no env vars and spawns no processes when no databases configured" time="0.0003414">
        </testcase>
        <testcase classname="test/lib/db.test.ts" name="startDatabases &gt; starts redis-memory-server and sets DATASTORES env vars" time="4.1622822">
        </testcase>
        <testcase classname="test/lib/db.test.ts" name="startDatabases &gt; starts postgres-memory-server and sets DATASTORES env vars" time="2.5453707">
        </testcase>
    </testsuite>
    <testsuite name="test/lib/depUpgrade.test.ts" timestamp="2026-09-11T20:21:15.985Z" hostname="Jane" tests="34" failures="0" errors="0" skipped="0" time="0.0115217">
        <testcase classname="test/lib/depUpgrade.test.ts" name="parsePackageSpec &gt; parses a bare package name with no version" time="0.0014461">
        </testcase>
        <testcase classname="test/lib/depUpgrade.test.ts" name="parsePackageSpec &gt; parses &quot;name@version&quot;" time="0.0001491">
        </testcase>
        <testcase classname="test/lib/depUpgrade.test.ts" name="parsePackageSpec &gt; parses &quot;name:version&quot;" time="0.0000971">
        </testcase>
        <testcase classname="test/lib/depUpgrade.test.ts" name="parsePackageSpec &gt; parses a scoped package name with no version" time="0.0000803">
        </testcase>
        <testcase classname="test/lib/depUpgrade.test.ts" name="parsePackageSpec &gt; parses a scoped &quot;name@version&quot; without confusing the scope&apos;s &quot;@&quot;" time="0.0000787">
        </testcase>
        <testcase classname="test/lib/depUpgrade.test.ts" name="parsePackageSpec &gt; parses a scoped &quot;name:version&quot;" time="0.0000767">
        </testcase>
        <testcase classname="test/lib/depUpgrade.test.ts" name="parsePackageSpec &gt; parses a version tag as the pinned version (e.g. &quot;next&quot;)" time="0.0000802">
        </testcase>
        <testcase classname="test/lib/depUpgrade.test.ts" name="formatUpgradedSpec &gt; preserves a caret range" time="0.0002494">
        </testcase>
        <testcase classname="test/lib/depUpgrade.test.ts" name="formatUpgradedSpec &gt; preserves a tilde range" time="0.0001704">
        </testcase>
        <testcase classname="test/lib/depUpgrade.test.ts" name="formatUpgradedSpec &gt; keeps an exact pin exact" time="0.0000766">
        </testcase>
        <testcase classname="test/lib/depUpgrade.test.ts" name="formatUpgradedSpec &gt; preserves &gt;= and &lt;= operators" time="0.000086">
        </testcase>
        <testcase classname="test/lib/depUpgrade.test.ts" name="formatUpgradedSpec &gt; returns undefined for a wildcard or &quot;latest&quot;" time="0.0000982">
        </testcase>
        <testcase classname="test/lib/depUpgrade.test.ts" name="formatUpgradedSpec &gt; returns undefined for workspace/git/file/link/catalog protocols" time="0.0001519">
        </testcase>
        <testcase classname="test/lib/depUpgrade.test.ts" name="formatUpgradedSpec &gt; returns undefined for an OR range" time="0.0000748">
        </testcase>
        <testcase classname="test/lib/depUpgrade.test.ts" name="formatUpgradedSpec &gt; returns undefined for a hyphen range" time="0.0001204">
        </testcase>
        <testcase classname="test/lib/depUpgrade.test.ts" name="formatUpgradedSpec &gt; returns undefined for a compound comparator range" time="0.0000911">
        </testcase>
        <testcase classname="test/lib/depUpgrade.test.ts" name="fetchLatestVersion &gt; returns the &quot;latest&quot; dist-tag from the registry response" time="0.001815">
        </testcase>
        <testcase classname="test/lib/depUpgrade.test.ts" name="fetchLatestVersion &gt; URL-encodes scoped package names" time="0.0002357">
        </testcase>
        <testcase classname="test/lib/depUpgrade.test.ts" name="fetchLatestVersion &gt; throws when the registry responds with a non-OK status" time="0.0009606">
        </testcase>
        <testcase classname="test/lib/depUpgrade.test.ts" name="fetchLatestVersion &gt; throws when the response has no &quot;latest&quot; dist-tag" time="0.0002025">
        </testcase>
        <testcase classname="test/lib/depUpgrade.test.ts" name="fetchLatestVersion &gt; throws a descriptive error when the network request itself fails" time="0.0002545">
        </testcase>
        <testcase classname="test/lib/depUpgrade.test.ts" name="buildUpgradePlan &gt; upgrades everything in dependencies/devDependencies/optionalDependencies by default (no peerDependencies)" time="0.0007532">
        </testcase>
        <testcase classname="test/lib/depUpgrade.test.ts" name="buildUpgradePlan &gt; includes peerDependencies when explicitly passed in sections" time="0.0001804">
        </testcase>
        <testcase classname="test/lib/depUpgrade.test.ts" name="buildUpgradePlan &gt; only targets explicitly requested packages, searching every section (including peer) regardless of `sections`" time="0.0001977">
        </testcase>
        <testcase classname="test/lib/depUpgrade.test.ts" name="buildUpgradePlan &gt; applies an explicit pin verbatim without a registry lookup" time="0.000173">
        </testcase>
        <testcase classname="test/lib/depUpgrade.test.ts" name="buildUpgradePlan &gt; skips a requested package that is not a dependency of the project" time="0.000127">
        </testcase>
        <testcase classname="test/lib/depUpgrade.test.ts" name="buildUpgradePlan &gt; skips a package that is already at the latest version" time="0.0001631">
        </testcase>
        <testcase classname="test/lib/depUpgrade.test.ts" name="buildUpgradePlan &gt; skips a package whose range is too complex to rewrite, without failing the whole plan" time="0.0007832">
        </testcase>
        <testcase classname="test/lib/depUpgrade.test.ts" name="buildUpgradePlan &gt; skips a package whose registry lookup fails, without failing the whole plan" time="0.0001904">
        </testcase>
        <testcase classname="test/lib/depUpgrade.test.ts" name="buildUpgradePlan &gt; deduplicates registry lookups for a package listed in more than one section" time="0.0003595">
        </testcase>
        <testcase classname="test/lib/depUpgrade.test.ts" name="buildUpgradePlan &gt; excludes a package named via `exclude` from a default full scan, without looking it up" time="0.0002409">
        </testcase>
        <testcase classname="test/lib/depUpgrade.test.ts" name="buildUpgradePlan &gt; excludes an explicitly requested package too, overriding the request" time="0.0001367">
        </testcase>
        <testcase classname="test/lib/depUpgrade.test.ts" name="applyUpgradePlan &gt; writes each upgrade&apos;s newSpec into its section" time="0.0001349">
        </testcase>
        <testcase classname="test/lib/depUpgrade.test.ts" name="applyUpgradePlan &gt; does not throw if a section is missing on the target object" time="0.0001163">
        </testcase>
    </testsuite>
    <testsuite name="test/lib/doctor.test.ts" timestamp="2026-09-11T20:21:15.989Z" hostname="Jane" tests="51" failures="0" errors="0" skipped="0" time="0.1665353">
        <testcase classname="test/lib/doctor.test.ts" name="doctor &gt; sql-type-literal &gt; flags a datastore using the CLI feature-flag name instead of the TypeORM driver literal" time="0.006733">
        </testcase>
        <testcase classname="test/lib/doctor.test.ts" name="doctor &gt; sql-type-literal &gt; does not flag a datastore already using the correct driver literal" time="0.0029076">
        </testcase>
        <testcase classname="test/lib/doctor.test.ts" name="doctor &gt; sql-type-literal &gt; checks both src/config.ts and test/config.ts" time="0.0033237">
        </testcase>
        <testcase classname="test/lib/doctor.test.ts" name="doctor &gt; sql-type-literal &gt; rewrites postgresql/sqlite to postgres/better-sqlite3 when fixed" time="0.0050039">
        </testcase>
        <testcase classname="test/lib/doctor.test.ts" name="doctor &gt; sql-type-literal &gt; returns no findings when no config file exists" time="0.001254">
        </testcase>
        <testcase classname="test/lib/doctor.test.ts" name="doctor &gt; sqlite-missing-host &gt; flags a better-sqlite3 datastore with neither host nor url" time="0.0029667">
        </testcase>
        <testcase classname="test/lib/doctor.test.ts" name="doctor &gt; sqlite-missing-host &gt; does not flag a better-sqlite3 datastore that already has a host" time="0.0025915">
        </testcase>
        <testcase classname="test/lib/doctor.test.ts" name="doctor &gt; sqlite-missing-host &gt; does not flag a better-sqlite3 datastore that has a url instead of a host" time="0.002694">
        </testcase>
        <testcase classname="test/lib/doctor.test.ts" name="doctor &gt; sqlite-missing-host &gt; does not flag non-sqlite datastores" time="0.0025683">
        </testcase>
        <testcase classname="test/lib/doctor.test.ts" name="doctor &gt; sqlite-missing-host &gt; inserts a placeholder host when fixed, without touching other datastores" time="0.0062474">
        </testcase>
        <testcase classname="test/lib/doctor.test.ts" name="doctor &gt; sqlite-missing-host &gt; skips over line comments inside the datastores block without misparsing them" time="0.0027268">
        </testcase>
        <testcase classname="test/lib/doctor.test.ts" name="doctor &gt; sqlite-missing-host &gt; fix is a no-op when the file content changed since scanning (block no longer found)" time="0.0037128">
        </testcase>
        <testcase classname="test/lib/doctor.test.ts" name="doctor &gt; missing-vitest-config &gt; flags a project with no vitest.config.ts" time="0.0016452">
        </testcase>
        <testcase classname="test/lib/doctor.test.ts" name="doctor &gt; missing-vitest-config &gt; does not flag a project that already has vitest.config.ts" time="0.00251">
        </testcase>
        <testcase classname="test/lib/doctor.test.ts" name="doctor &gt; missing-vitest-config &gt; copies the canonical template file when fixed" time="0.0078956">
        </testcase>
        <testcase classname="test/lib/doctor.test.ts" name="doctor &gt; missing-types-typeorm / missing-types-redis &gt; does not flag a project without @rapidrest/service-core installed" time="0.0019961">
        </testcase>
        <testcase classname="test/lib/doctor.test.ts" name="doctor &gt; missing-types-typeorm / missing-types-redis &gt; flags a project with service-core installed but typeorm resolvable nowhere" time="0.0035273">
        </testcase>
        <testcase classname="test/lib/doctor.test.ts" name="doctor &gt; missing-types-typeorm / missing-types-redis &gt; does not flag when typeorm is already a dependency" time="0.0029608">
        </testcase>
        <testcase classname="test/lib/doctor.test.ts" name="doctor &gt; missing-types-typeorm / missing-types-redis &gt; does not flag when redis is already a devDependency" time="0.0030152">
        </testcase>
        <testcase classname="test/lib/doctor.test.ts" name="doctor &gt; missing-types-typeorm / missing-types-redis &gt; adds the dependency as a devDependency when fixed, preserving other package.json fields" time="0.0040617">
        </testcase>
        <testcase classname="test/lib/doctor.test.ts" name="doctor &gt; missing-types-typeorm / missing-types-redis &gt; fix is a no-op when package.json is missing at fix time" time="0.0040598">
        </testcase>
        <testcase classname="test/lib/doctor.test.ts" name="doctor &gt; eslint-plugin-import-conflict &gt; flags eslint-plugin-import alongside eslint@10+" time="0.0042198">
        </testcase>
        <testcase classname="test/lib/doctor.test.ts" name="doctor &gt; eslint-plugin-import-conflict &gt; does not flag eslint-plugin-import alongside eslint@9" time="0.0027039">
        </testcase>
        <testcase classname="test/lib/doctor.test.ts" name="doctor &gt; eslint-plugin-import-conflict &gt; does not flag when eslint-plugin-import is absent" time="0.0019656">
        </testcase>
        <testcase classname="test/lib/doctor.test.ts" name="doctor &gt; eslint-plugin-import-conflict &gt; does not flag when there is no package.json" time="0.0010125">
        </testcase>
        <testcase classname="test/lib/doctor.test.ts" name="doctor &gt; eslint-plugin-import-conflict &gt; removes eslint-plugin-import from both deps and devDeps when fixed" time="0.003391">
        </testcase>
        <testcase classname="test/lib/doctor.test.ts" name="doctor &gt; eslint-plugin-import-conflict &gt; fix is a no-op when package.json is missing at fix time" time="0.002183">
        </testcase>
        <testcase classname="test/lib/doctor.test.ts" name="doctor &gt; eslint-plugin-import-conflict &gt; removes eslint-plugin-import from dependencies only, when it is not in devDependencies" time="0.0031511">
        </testcase>
        <testcase classname="test/lib/doctor.test.ts" name="doctor &gt; old-acl-format &gt; flags a model file using the old boolean-flag ACLRecord shape" time="0.0070617">
        </testcase>
        <testcase classname="test/lib/doctor.test.ts" name="doctor &gt; old-acl-format &gt; flags a route file the same way" time="0.0034572">
        </testcase>
        <testcase classname="test/lib/doctor.test.ts" name="doctor &gt; old-acl-format &gt; does not flag a file already using actions[]" time="0.0035154">
        </testcase>
        <testcase classname="test/lib/doctor.test.ts" name="doctor &gt; old-acl-format &gt; returns no findings when src/models and src/routes do not exist" time="0.0011996">
        </testcase>
        <testcase classname="test/lib/doctor.test.ts" name="doctor &gt; old-acl-format &gt; ignores .d.ts files" time="0.0029478">
        </testcase>
        <testcase classname="test/lib/doctor.test.ts" name="doctor &gt; jwtuser-extra-name &gt; flags a createToken call whose user object includes a name field" time="0.0029918">
        </testcase>
        <testcase classname="test/lib/doctor.test.ts" name="doctor &gt; jwtuser-extra-name &gt; flags createTokenSync the same way" time="0.0029847">
        </testcase>
        <testcase classname="test/lib/doctor.test.ts" name="doctor &gt; jwtuser-extra-name &gt; does not flag a createToken call without a name field" time="0.0025632">
        </testcase>
        <testcase classname="test/lib/doctor.test.ts" name="doctor &gt; jwtuser-extra-name &gt; walks nested src directories and ignores non-.ts files" time="0.0035261">
        </testcase>
        <testcase classname="test/lib/doctor.test.ts" name="doctor &gt; jwtuser-extra-name &gt; returns no findings when src does not exist" time="0.0010075">
        </testcase>
        <testcase classname="test/lib/doctor.test.ts" name="doctor &gt; missing-export-class-loader-ignore &gt; does not flag a project without React support (no src/export.ts)" time="0.0022009">
        </testcase>
        <testcase classname="test/lib/doctor.test.ts" name="doctor &gt; missing-export-class-loader-ignore &gt; flags src/config.ts missing an /export\..*/ ignore entry when React support is enabled" time="0.0028939">
        </testcase>
        <testcase classname="test/lib/doctor.test.ts" name="doctor &gt; missing-export-class-loader-ignore &gt; checks both src/config.ts and test/config.ts" time="0.003401">
        </testcase>
        <testcase classname="test/lib/doctor.test.ts" name="doctor &gt; missing-export-class-loader-ignore &gt; does not flag a config that already excludes export.ts/export.js" time="0.0037802">
        </testcase>
        <testcase classname="test/lib/doctor.test.ts" name="doctor &gt; missing-export-class-loader-ignore &gt; adds /export\..*/ to the ignore array when fixed, preserving the existing entries" time="0.0081468">
        </testcase>
        <testcase classname="test/lib/doctor.test.ts" name="doctor &gt; missing-export-class-loader-ignore &gt; adds a leading comma when fixing a config whose last ignore entry has none" time="0.0044515">
        </testcase>
        <testcase classname="test/lib/doctor.test.ts" name="doctor &gt; missing-export-class-loader-ignore &gt; fix is a no-op when the file content changed since scanning (block no longer found)" time="0.0041873">
        </testcase>
        <testcase classname="test/lib/doctor.test.ts" name="doctor &gt; missing-export-class-loader-ignore &gt; returns no findings when no config file exists" time="0.0025079">
        </testcase>
        <testcase classname="test/lib/doctor.test.ts" name="doctor &gt; runDoctor &gt; aggregates findings from every check by default" time="0.0018515">
        </testcase>
        <testcase classname="test/lib/doctor.test.ts" name="doctor &gt; runDoctor &gt; only runs the checks explicitly selected" time="0.0010808">
        </testcase>
        <testcase classname="test/lib/doctor.test.ts" name="doctor &gt; runDoctor &gt; returns no findings for a clean project" time="0.0018826">
        </testcase>
        <testcase classname="test/lib/doctor.test.ts" name="doctor &gt; applyFixes &gt; applies every finding with a fix and leaves the rest skipped" time="0.003028">
        </testcase>
        <testcase classname="test/lib/doctor.test.ts" name="doctor &gt; applyFixes &gt; returns empty arrays for an empty findings list" time="0.0009495">
        </testcase>
    </testsuite>
    <testsuite name="test/lib/patch.test.ts" timestamp="2026-09-11T20:21:15.994Z" hostname="Jane" tests="47" failures="0" errors="0" skipped="0" time="0.0705424">
        <testcase classname="test/lib/patch.test.ts" name="tsBlockInsert &gt; inserts a snippet before the closing brace of the named block" time="0.0013815">
        </testcase>
        <testcase classname="test/lib/patch.test.ts" name="tsBlockInsert &gt; is a no-op when idempotencyKey already appears as a depth-1 property" time="0.000277">
        </testcase>
        <testcase classname="test/lib/patch.test.ts" name="tsBlockInsert &gt; inserts when idempotencyKey does not match any existing property" time="0.0001224">
        </testcase>
        <testcase classname="test/lib/patch.test.ts" name="tsBlockInsert &gt; throws a descriptive error when the named block does not exist" time="0.0005969">
        </testcase>
        <testcase classname="test/lib/patch.test.ts" name="tsBlockInsert &gt; throws a descriptive error when the block has no matching closing brace" time="0.0001624">
        </testcase>
        <testcase classname="test/lib/patch.test.ts" name="tsBlockInsert &gt; throws a descriptive error when the root config block has no matching closing brace" time="0.0001913">
        </testcase>
        <testcase classname="test/lib/patch.test.ts" name="tsBlockInsert &gt; handles an empty block" time="0.000087">
        </testcase>
        <testcase classname="test/lib/patch.test.ts" name="tsBlockInsert &gt; handles escaped quotes inside string literals within the scanned block" time="0.0001589">
        </testcase>
        <testcase classname="test/lib/patch.test.ts" name="tsBlockInsert &gt; does not match property names inside string literals" time="0.0001342">
        </testcase>
        <testcase classname="test/lib/patch.test.ts" name="tsBlockInsert &gt; skips property names inside // comments when checking idempotency" time="0.000129">
        </testcase>
        <testcase classname="test/lib/patch.test.ts" name="tsBlockInsert &gt; root config object (empty blockName) &gt; inserts the snippet as a top-level sibling, not inside the first named block" time="0.0002451">
        </testcase>
        <testcase classname="test/lib/patch.test.ts" name="tsBlockInsert &gt; root config object (empty blockName) &gt; inserts immediately before the closing of the .defaults({ ... }) call" time="0.0000958">
        </testcase>
        <testcase classname="test/lib/patch.test.ts" name="tsBlockInsert &gt; root config object (empty blockName) &gt; is a no-op when idempotencyKey already appears as a top-level property" time="0.0000975">
        </testcase>
        <testcase classname="test/lib/patch.test.ts" name="tsBlockInsert &gt; root config object (empty blockName) &gt; does not match a property of the same name nested inside a named block" time="0.0000999">
        </testcase>
        <testcase classname="test/lib/patch.test.ts" name="tsBlockInsert &gt; root config object (empty blockName) &gt; throws a descriptive error when no .defaults({ ... }) call exists" time="0.0001619">
        </testcase>
        <testcase classname="test/lib/patch.test.ts" name="tsPropertySet &gt; replaces the value of the named property inside the block" time="0.0002953">
        </testcase>
        <testcase classname="test/lib/patch.test.ts" name="tsPropertySet &gt; is a no-op when the value is already the desired value" time="0.0001186">
        </testcase>
        <testcase classname="test/lib/patch.test.ts" name="tsPropertySet &gt; preserves all other content outside the changed property" time="0.0001155">
        </testcase>
        <testcase classname="test/lib/patch.test.ts" name="tsPropertySet &gt; throws when the named block does not exist" time="0.0001267">
        </testcase>
        <testcase classname="test/lib/patch.test.ts" name="tsPropertySet &gt; returns source unchanged when the property does not exist in the block" time="0.0001056">
        </testcase>
        <testcase classname="test/lib/patch.test.ts" name="tsPropertySet &gt; does not affect same-named properties inside sibling blocks" time="0.0001506">
        </testcase>
        <testcase classname="test/lib/patch.test.ts" name="tsPropertySet &gt; handles an object-valued property without corrupting it" time="0.0001458">
        </testcase>
        <testcase classname="test/lib/patch.test.ts" name="tsPropertySet &gt; skips // comments when scanning for property names" time="0.0000973">
        </testcase>
        <testcase classname="test/lib/patch.test.ts" name="tsPropertySet &gt; skips over a string-valued property (with an escaped quote) that appears before the target property" time="0.000154">
        </testcase>
        <testcase classname="test/lib/patch.test.ts" name="tsPropertySet &gt; correctly finds the end of a string-valued target property containing an escaped quote" time="0.0001209">
        </testcase>
        <testcase classname="test/lib/patch.test.ts" name="tsPropertySet &gt; handles an unterminated string value at the end of the source gracefully" time="0.0000933">
        </testcase>
        <testcase classname="test/lib/patch.test.ts" name="tsPropertySet &gt; skips a nested object value on a property preceding the target" time="0.00008">
        </testcase>
        <testcase classname="test/lib/patch.test.ts" name="jsonMerge &gt; merges dependencies into an existing package.json object" time="0.0005525">
        </testcase>
        <testcase classname="test/lib/patch.test.ts" name="jsonMerge &gt; patch value wins on scalar conflicts" time="0.0001152">
        </testcase>
        <testcase classname="test/lib/patch.test.ts" name="jsonMerge &gt; deep-merges nested objects independently" time="0.0001214">
        </testcase>
        <testcase classname="test/lib/patch.test.ts" name="jsonMerge &gt; replaces arrays rather than concatenating" time="0.0001242">
        </testcase>
        <testcase classname="test/lib/patch.test.ts" name="jsonMerge &gt; is idempotent: applying the same patch twice yields the same result" time="0.0000979">
        </testcase>
        <testcase classname="test/lib/patch.test.ts" name="jsonMerge &gt; does not mutate the target argument" time="0.0001186">
        </testcase>
        <testcase classname="test/lib/patch.test.ts" name="jsonMerge &gt; handles an empty patch (no-op)" time="0.0000813">
        </testcase>
        <testcase classname="test/lib/patch.test.ts" name="applyPatches &gt; ts-block-insert: inserts rendered snippet into the named block" time="0.0118171">
        </testcase>
        <testcase classname="test/lib/patch.test.ts" name="applyPatches &gt; ts-block-insert: skips insertion when idempotencyKey is already present" time="0.0047594">
        </testcase>
        <testcase classname="test/lib/patch.test.ts" name="applyPatches &gt; ts-block-insert: throws when target file does not exist" time="0.0039795">
        </testcase>
        <testcase classname="test/lib/patch.test.ts" name="applyPatches &gt; ts-block-insert: defaults to no idempotency check when idempotencyKey is omitted" time="0.0040277">
        </testcase>
        <testcase classname="test/lib/patch.test.ts" name="applyPatches &gt; json-merge: merges dependency entries into existing package.json" time="0.0042147">
        </testcase>
        <testcase classname="test/lib/patch.test.ts" name="applyPatches &gt; json-merge: creates the file if it does not exist" time="0.0035203">
        </testcase>
        <testcase classname="test/lib/patch.test.ts" name="applyPatches &gt; json-merge: is idempotent — running twice yields the same result" time="0.006227">
        </testcase>
        <testcase classname="test/lib/patch.test.ts" name="applyPatches &gt; ts-property-set: replaces a property value in the named block" time="0.0046793">
        </testcase>
        <testcase classname="test/lib/patch.test.ts" name="applyPatches &gt; ts-property-set: is idempotent when property already has the desired value" time="0.0045805">
        </testcase>
        <testcase classname="test/lib/patch.test.ts" name="applyPatches &gt; ts-property-set: throws when target file does not exist" time="0.0034352">
        </testcase>
        <testcase classname="test/lib/patch.test.ts" name="applyPatches &gt; skips a patch entirely when condition evaluates to falsy" time="0.0035382">
        </testcase>
        <testcase classname="test/lib/patch.test.ts" name="applyPatches &gt; treats a condition that traverses through a non-object value as falsy" time="0.0034696">
        </testcase>
        <testcase classname="test/lib/patch.test.ts" name="applyPatches &gt; does nothing for an unrecognized strategy" time="0.0038499">
        </testcase>
    </testsuite>
    <testsuite name="test/lib/port.test.ts" timestamp="2026-09-11T20:21:15.999Z" hostname="Jane" tests="3" failures="0" errors="0" skipped="0" time="0.0189134">
        <testcase classname="test/lib/port.test.ts" name="findAvailablePort &gt; returns the requested port when it is free" time="0.0124021">
        </testcase>
        <testcase classname="test/lib/port.test.ts" name="findAvailablePort &gt; returns the next free port when the requested one is occupied" time="0.0026859">
        </testcase>
        <testcase classname="test/lib/port.test.ts" name="findAvailablePort &gt; skips multiple consecutive occupied ports" time="0.0025535">
        </testcase>
    </testsuite>
    <testsuite name="test/lib/project.test.ts" timestamp="2026-09-11T20:21:16.000Z" hostname="Jane" tests="95" failures="0" errors="0" skipped="0" time="0.1116608">
        <testcase classname="test/lib/project.test.ts" name="detectApiRoute &gt; returns apiRoute: false when HelloRoute.ts uses a plain @Route" time="0.0081426">
        </testcase>
        <testcase classname="test/lib/project.test.ts" name="detectApiRoute &gt; returns apiRoute: true with the version when @ApiRoute has one" time="0.0029968">
        </testcase>
        <testcase classname="test/lib/project.test.ts" name="detectApiRoute &gt; returns apiRoute: true with an undefined version when @ApiRoute has none" time="0.0028141">
        </testcase>
        <testcase classname="test/lib/project.test.ts" name="detectApiRoute &gt; falls back to apiRoute: false when HelloRoute.ts has no recognizable decorator" time="0.0028456">
        </testcase>
        <testcase classname="test/lib/project.test.ts" name="detectApiRoute &gt; falls back to apiRoute: false when HelloRoute.ts does not exist" time="0.0007342">
        </testcase>
        <testcase classname="test/lib/project.test.ts" name="detectReact &gt; returns true when vite.config.ts exists" time="0.0015249">
        </testcase>
        <testcase classname="test/lib/project.test.ts" name="detectReact &gt; returns false when vite.config.ts does not exist" time="0.0005998">
        </testcase>
        <testcase classname="test/lib/project.test.ts" name="detectReact &gt; returns false for a non-existent directory" time="0.0006594">
        </testcase>
        <testcase classname="test/lib/project.test.ts" name="readProjectAuthor &gt; returns a string author field" time="0.0017384">
        </testcase>
        <testcase classname="test/lib/project.test.ts" name="readProjectAuthor &gt; returns the name from an object author field" time="0.0015764">
        </testcase>
        <testcase classname="test/lib/project.test.ts" name="readProjectAuthor &gt; returns undefined when author is an object without a name field" time="0.0017384">
        </testcase>
        <testcase classname="test/lib/project.test.ts" name="readProjectAuthor &gt; returns undefined when author is an empty string" time="0.0017285">
        </testcase>
        <testcase classname="test/lib/project.test.ts" name="readProjectAuthor &gt; returns undefined when author field is absent" time="0.0016594">
        </testcase>
        <testcase classname="test/lib/project.test.ts" name="readProjectAuthor &gt; returns undefined when package.json does not exist" time="0.0006535">
        </testcase>
        <testcase classname="test/lib/project.test.ts" name="readProjectAuthor &gt; returns undefined when package.json is invalid JSON" time="0.0015836">
        </testcase>
        <testcase classname="test/lib/project.test.ts" name="readProjectName &gt; returns the name field from package.json" time="0.0016052">
        </testcase>
        <testcase classname="test/lib/project.test.ts" name="readProjectName &gt; returns an empty string when the name field is absent" time="0.0015857">
        </testcase>
        <testcase classname="test/lib/project.test.ts" name="readProjectName &gt; returns an empty string when package.json does not exist" time="0.0008034">
        </testcase>
        <testcase classname="test/lib/project.test.ts" name="readProjectName &gt; returns an empty string when package.json is invalid JSON" time="0.0015995">
        </testcase>
        <testcase classname="test/lib/project.test.ts" name="detectPackageManager &gt; returns &quot;yarn&quot; when package.json packageManager field starts with &quot;yarn&quot;" time="0.0015688">
        </testcase>
        <testcase classname="test/lib/project.test.ts" name="detectPackageManager &gt; returns &quot;yarn&quot; when yarn.lock exists and there is no packageManager field" time="0.0016181">
        </testcase>
        <testcase classname="test/lib/project.test.ts" name="detectPackageManager &gt; returns &quot;npm&quot; when there is no package.json, yarn.lock, or packageManager field" time="0.00074">
        </testcase>
        <testcase classname="test/lib/project.test.ts" name="detectPackageManager &gt; returns &quot;npm&quot; when package.json is invalid JSON and no yarn.lock exists" time="0.0016247">
        </testcase>
        <testcase classname="test/lib/project.test.ts" name="detectPackageManager &gt; returns &quot;npm&quot; when packageManager field does not start with &quot;yarn&quot;" time="0.0015683">
        </testcase>
        <testcase classname="test/lib/project.test.ts" name="readPackageJsonRaw &gt; returns the raw file content when package.json exists" time="0.0015163">
        </testcase>
        <testcase classname="test/lib/project.test.ts" name="readPackageJsonRaw &gt; returns undefined when package.json does not exist" time="0.0006491">
        </testcase>
        <testcase classname="test/lib/project.test.ts" name="installIfPackageJsonChanged &gt; does nothing when package.json does not exist" time="0.0011575">
        </testcase>
        <testcase classname="test/lib/project.test.ts" name="installIfPackageJsonChanged &gt; skips the install when package.json is unchanged from before" time="0.0019119">
        </testcase>
        <testcase classname="test/lib/project.test.ts" name="installIfPackageJsonChanged &gt; runs npm install when package.json changed and no packageManager/yarn.lock hints exist" time="0.0035955">
        </testcase>
        <testcase classname="test/lib/project.test.ts" name="installIfPackageJsonChanged &gt; runs yarn install when the project has a yarn.lock" time="0.0021428">
        </testcase>
        <testcase classname="test/lib/project.test.ts" name="installIfPackageJsonChanged &gt; also installs when there was no package.json before (brand new project)" time="0.0016949">
        </testcase>
        <testcase classname="test/lib/project.test.ts" name="installIfPackageJsonChanged &gt; warns instead of throwing when the install command exits non-zero" time="0.0022701">
        </testcase>
        <testcase classname="test/lib/project.test.ts" name="runInstall &gt; spawns `&lt;pkgMgr&gt; install`, streaming output" time="0.0003926">
        </testcase>
        <testcase classname="test/lib/project.test.ts" name="runInstall &gt; rejects when the install command exits non-zero" time="0.0008082">
        </testcase>
        <testcase classname="test/lib/project.test.ts" name="addPackages &gt; runs `yarn add &lt;packages&gt;`" time="0.0002484">
        </testcase>
        <testcase classname="test/lib/project.test.ts" name="addPackages &gt; runs `yarn add --dev &lt;packages&gt;` when dev is set" time="0.0001643">
        </testcase>
        <testcase classname="test/lib/project.test.ts" name="addPackages &gt; runs `npm install &lt;packages&gt;`" time="0.0001567">
        </testcase>
        <testcase classname="test/lib/project.test.ts" name="addPackages &gt; runs `npm install --save-dev &lt;packages&gt;` when dev is set" time="0.0001395">
        </testcase>
        <testcase classname="test/lib/project.test.ts" name="addPackages &gt; supports multiple packages in one call" time="0.000161">
        </testcase>
        <testcase classname="test/lib/project.test.ts" name="addPackages &gt; rejects when the add command exits non-zero" time="0.0001841">
        </testcase>
        <testcase classname="test/lib/project.test.ts" name="removePackages &gt; runs `yarn remove &lt;packages&gt;`" time="0.0002137">
        </testcase>
        <testcase classname="test/lib/project.test.ts" name="removePackages &gt; runs `npm uninstall &lt;packages&gt;`" time="0.0001685">
        </testcase>
        <testcase classname="test/lib/project.test.ts" name="removePackages &gt; supports multiple packages in one call" time="0.0001286">
        </testcase>
        <testcase classname="test/lib/project.test.ts" name="removePackages &gt; rejects when the remove command exits non-zero" time="0.0001648">
        </testcase>
        <testcase classname="test/lib/project.test.ts" name="resolveProjectBin / runProjectBin &gt; resolves to node_modules/.bin/&lt;name&gt;, with a .cmd extension on Windows only" time="0.0001577">
        </testcase>
        <testcase classname="test/lib/project.test.ts" name="resolveProjectBin / runProjectBin &gt; runs the resolved binary with the given args, streaming output" time="0.0001772">
        </testcase>
        <testcase classname="test/lib/project.test.ts" name="resolveProjectBin / runProjectBin &gt; rejects when the binary exits non-zero" time="0.0001769">
        </testcase>
        <testcase classname="test/lib/project.test.ts" name="readGitAuthor &gt; returns &quot;Name &lt;email&gt;&quot; when both user.name and user.email are configured" time="0.0002004">
        </testcase>
        <testcase classname="test/lib/project.test.ts" name="readGitAuthor &gt; returns just the name when the email lookup fails" time="0.0001043">
        </testcase>
        <testcase classname="test/lib/project.test.ts" name="readGitAuthor &gt; returns just the name when user.email resolves to an empty string" time="0.0000932">
        </testcase>
        <testcase classname="test/lib/project.test.ts" name="readGitAuthor &gt; returns undefined when the user.name lookup fails (git unavailable)" time="0.0001406">
        </testcase>
        <testcase classname="test/lib/project.test.ts" name="readGitAuthor &gt; returns undefined when user.name resolves to an empty string" time="0.0000785">
        </testcase>
        <testcase classname="test/lib/project.test.ts" name="extractDatastoreInfo &gt; extracts name and type for each top-level datastore property" time="0.000292">
        </testcase>
        <testcase classname="test/lib/project.test.ts" name="extractDatastoreInfo &gt; handles multi-line datastore objects" time="0.0001356">
        </testcase>
        <testcase classname="test/lib/project.test.ts" name="extractDatastoreInfo &gt; returns an empty array when there is no datastores block" time="0.0000694">
        </testcase>
        <testcase classname="test/lib/project.test.ts" name="extractDatastoreInfo &gt; returns empty type when the datastore object has no type field" time="0.0000809">
        </testcase>
        <testcase classname="test/lib/project.test.ts" name="extractDatastoreInfo &gt; does not confuse nested type fields with the top-level one" time="0.000104">
        </testcase>
        <testcase classname="test/lib/project.test.ts" name="extractDatastoreInfo &gt; ignores type values inside string literals" time="0.0001195">
        </testcase>
        <testcase classname="test/lib/project.test.ts" name="extractDatastoreInfo &gt; handles escaped quotes inside string literals without ending the string early" time="0.0000868">
        </testcase>
        <testcase classname="test/lib/project.test.ts" name="extractDatastoreInfo &gt; skips // line comments" time="0.0000819">
        </testcase>
        <testcase classname="test/lib/project.test.ts" name="readProjectDatastores &gt; reads datastores from src/config.ts" time="0.0023009">
        </testcase>
        <testcase classname="test/lib/project.test.ts" name="readProjectDatastores &gt; returns an empty array when src/config.ts does not exist" time="0.0013556">
        </testcase>
        <testcase classname="test/lib/project.test.ts" name="findExistingReactApps &gt; returns an empty array when src/routes does not exist" time="0.0017813">
        </testcase>
        <testcase classname="test/lib/project.test.ts" name="findExistingReactApps &gt; returns an empty array when src/routes has no ReactRoute subclasses" time="0.0028367">
        </testcase>
        <testcase classname="test/lib/project.test.ts" name="findExistingReactApps &gt; extracts className, appDir, and the @Route mount path from a ReactRoute subclass" time="0.0029865">
        </testcase>
        <testcase classname="test/lib/project.test.ts" name="findExistingReactApps &gt; defaults routePath to &quot;&quot; when no @Route decorator is present" time="0.0026406">
        </testcase>
        <testcase classname="test/lib/project.test.ts" name="findExistingReactApps &gt; skips a ReactRoute subclass with no appDir field (nothing to migrate/report)" time="0.0028194">
        </testcase>
        <testcase classname="test/lib/project.test.ts" name="findExistingReactApps &gt; finds every app across multiple route files" time="0.0033095">
        </testcase>
        <testcase classname="test/lib/project.test.ts" name="findExistingReactApps &gt; ignores non-.ts files and .d.ts files in src/routes" time="0.0029345">
        </testcase>
        <testcase classname="test/lib/project.test.ts" name="extractModelDatastore &gt; extracts the datastore name from a @DataStore decorator" time="0.0001626">
        </testcase>
        <testcase classname="test/lib/project.test.ts" name="extractModelDatastore &gt; handles double-quoted strings" time="0.0001029">
        </testcase>
        <testcase classname="test/lib/project.test.ts" name="extractModelDatastore &gt; returns an empty string when no @DataStore decorator is present" time="0.0000692">
        </testcase>
        <testcase classname="test/lib/project.test.ts" name="readProjectModels &gt; returns the class name (filename without .ts) for each model file" time="0.0026845">
        </testcase>
        <testcase classname="test/lib/project.test.ts" name="readProjectModels &gt; excludes .d.ts declaration files" time="0.002468">
        </testcase>
        <testcase classname="test/lib/project.test.ts" name="readProjectModels &gt; returns an empty array when src/models does not exist" time="0.001517">
        </testcase>
        <testcase classname="test/lib/project.test.ts" name="readModelDatastore &gt; reads the @DataStore value from the named model file" time="0.0034497">
        </testcase>
        <testcase classname="test/lib/project.test.ts" name="readModelDatastore &gt; returns an empty string when the model file does not exist" time="0.0018737">
        </testcase>
        <testcase classname="test/lib/project.test.ts" name="readModelDatastore &gt; returns an empty string when the model has no @DataStore decorator" time="0.0032717">
        </testcase>
        <testcase classname="test/lib/project.test.ts" name="extractFirstModelProperty &gt; finds the first public field declared on the model" time="0.0002149">
        </testcase>
        <testcase classname="test/lib/project.test.ts" name="extractFirstModelProperty &gt; skips constructor body assignments like `this.name = ...`" time="0.000126">
        </testcase>
        <testcase classname="test/lib/project.test.ts" name="extractFirstModelProperty &gt; handles optional properties with no default value" time="0.0000804">
        </testcase>
        <testcase classname="test/lib/project.test.ts" name="extractFirstModelProperty &gt; handles union types" time="0.0000679">
        </testcase>
        <testcase classname="test/lib/project.test.ts" name="extractFirstModelProperty &gt; returns undefined when no public field is declared" time="0.0000592">
        </testcase>
        <testcase classname="test/lib/project.test.ts" name="readModelProperty &gt; reads the first declared property from the named model file" time="0.0036376">
        </testcase>
        <testcase classname="test/lib/project.test.ts" name="readModelProperty &gt; returns undefined when the model file does not exist" time="0.0021157">
        </testcase>
        <testcase classname="test/lib/project.test.ts" name="formatExamplePropertyValue &gt; returns a string literal for string types" time="0.0002295">
        </testcase>
        <testcase classname="test/lib/project.test.ts" name="formatExamplePropertyValue &gt; returns a numeric literal for number types" time="0.0001141">
        </testcase>
        <testcase classname="test/lib/project.test.ts" name="formatExamplePropertyValue &gt; returns a boolean literal for boolean types" time="0.0001054">
        </testcase>
        <testcase classname="test/lib/project.test.ts" name="formatExamplePropertyValue &gt; falls back to an `as any` string cast for unrecognized types" time="0.0000979">
        </testcase>
        <testcase classname="test/lib/project.test.ts" name="formatDefaultPropertyValue &gt; returns an empty string literal for string" time="0.000079">
        </testcase>
        <testcase classname="test/lib/project.test.ts" name="formatDefaultPropertyValue &gt; returns 0 for number" time="0.0000474">
        </testcase>
        <testcase classname="test/lib/project.test.ts" name="formatDefaultPropertyValue &gt; returns false for boolean" time="0.0000488">
        </testcase>
        <testcase classname="test/lib/project.test.ts" name="formatDefaultPropertyValue &gt; returns an empty array literal for string[] and number[]" time="0.0000526">
        </testcase>
        <testcase classname="test/lib/project.test.ts" name="formatDefaultPropertyValue &gt; returns `new Date()` for Date" time="0.0000469">
        </testcase>
        <testcase classname="test/lib/project.test.ts" name="formatDefaultPropertyValue &gt; returns an `undefined as any` cast for an unrecognized/custom type" time="0.00005">
        </testcase>
    </testsuite>
    <testsuite name="test/lib/prompts.test.ts" timestamp="2026-09-11T20:21:16.008Z" hostname="Jane" tests="8" failures="0" errors="0" skipped="0" time="0.004245">
        <testcase classname="test/lib/prompts.test.ts" name="inputAuthor &gt; always calls input() and returns whatever the user enters" time="0.0014742">
        </testcase>
        <testcase classname="test/lib/prompts.test.ts" name="inputAuthor &gt; uses git config author as the default value for the prompt" time="0.0001679">
        </testcase>
        <testcase classname="test/lib/prompts.test.ts" name="inputAuthor &gt; uses package.json author as the default when git config is not set and cwd is provided" time="0.0008455">
        </testcase>
        <testcase classname="test/lib/prompts.test.ts" name="inputAuthor &gt; prefers git config over package.json when both are available" time="0.0002524">
        </testcase>
        <testcase classname="test/lib/prompts.test.ts" name="inputAuthor &gt; uses undefined as the default when neither git config nor package.json has an author" time="0.0001335">
        </testcase>
        <testcase classname="test/lib/prompts.test.ts" name="inputAuthor &gt; does not call readProjectAuthor when no cwd is provided" time="0.0001018">
        </testcase>
        <testcase classname="test/lib/prompts.test.ts" name="inputAuthor &gt; does not call readProjectAuthor when git config returns an author" time="0.0000989">
        </testcase>
        <testcase classname="test/lib/prompts.test.ts" name="inputAuthor &gt; passes the correct message and required flag to input()" time="0.0000979">
        </testcase>
    </testsuite>
    <testsuite name="test/lib/release.test.ts" timestamp="2026-09-11T20:21:16.009Z" hostname="Jane" tests="44" failures="0" errors="0" skipped="0" time="3.1132319">
        <testcase classname="test/lib/release.test.ts" name="computeNewVersion &gt; applies a release strategy to the current version" time="0.0013995">
        </testcase>
        <testcase classname="test/lib/release.test.ts" name="computeNewVersion &gt; applies a preid to prerelease strategies" time="0.0003288">
        </testcase>
        <testcase classname="test/lib/release.test.ts" name="computeNewVersion &gt; accepts an explicit version greater than the current one" time="0.0002016">
        </testcase>
        <testcase classname="test/lib/release.test.ts" name="computeNewVersion &gt; throws when no bump is given" time="0.0006734">
        </testcase>
        <testcase classname="test/lib/release.test.ts" name="computeNewVersion &gt; throws when the explicit version is not greater than the current one" time="0.0002694">
        </testcase>
        <testcase classname="test/lib/release.test.ts" name="computeNewVersion &gt; throws for an unrecognized strategy/version" time="0.000135">
        </testcase>
        <testcase classname="test/lib/release.test.ts" name="classifyChangelogLine &gt; categorizes and rewrites &quot;-ing&quot; verbs into their changelog tense" time="0.000916">
        </testcase>
        <testcase classname="test/lib/release.test.ts" name="classifyChangelogLine &gt; leaves already-past-tense verbs as-is" time="0.0001617">
        </testcase>
        <testcase classname="test/lib/release.test.ts" name="classifyChangelogLine &gt; defaults unrecognized leading words to Changed, unmodified" time="0.0000964">
        </testcase>
        <testcase classname="test/lib/release.test.ts" name="classifyChangelogLine &gt; drops noise lines entirely" time="0.0001949">
        </testcase>
        <testcase classname="test/lib/release.test.ts" name="classifyChangelogLine &gt; drops git trailer lines (attribution/reference metadata, not a changelog-worthy change)" time="0.0001374">
        </testcase>
        <testcase classname="test/lib/release.test.ts" name="buildChangelogEntry &gt; groups bullets under their category headings in a fixed order" time="0.0001564">
        </testcase>
        <testcase classname="test/lib/release.test.ts" name="buildChangelogEntry &gt; falls back to &quot;_No notable changes._&quot; when there are no bullets" time="0.0001023">
        </testcase>
        <testcase classname="test/lib/release.test.ts" name="splitChangelogLinks / insertChangelogEntry / updateChangelogLinks &gt; splits trailing [x.y.z]: url link lines from the body" time="0.0002142">
        </testcase>
        <testcase classname="test/lib/release.test.ts" name="splitChangelogLinks / insertChangelogEntry / updateChangelogLinks &gt; returns no link lines when there are none" time="0.0001002">
        </testcase>
        <testcase classname="test/lib/release.test.ts" name="splitChangelogLinks / insertChangelogEntry / updateChangelogLinks &gt; inserts the new entry directly under the [Unreleased] heading" time="0.0001217">
        </testcase>
        <testcase classname="test/lib/release.test.ts" name="splitChangelogLinks / insertChangelogEntry / updateChangelogLinks &gt; appends an [Unreleased] heading when the body has none" time="0.000067">
        </testcase>
        <testcase classname="test/lib/release.test.ts" name="splitChangelogLinks / insertChangelogEntry / updateChangelogLinks &gt; replaces any existing links for [Unreleased] and the new version, keeping older ones" time="0.0001235">
        </testcase>
        <testcase classname="test/lib/release.test.ts" name="splitChangelogLinks / insertChangelogEntry / updateChangelogLinks &gt; links the first release straight to its tag when there is no previous tag" time="0.0001041">
        </testcase>
        <testcase classname="test/lib/release.test.ts" name="getRepoUrl &gt; strips a git+ prefix and .git suffix from a string repository field" time="0.0001175">
        </testcase>
        <testcase classname="test/lib/release.test.ts" name="getRepoUrl &gt; reads the url from an object repository field" time="0.0001299">
        </testcase>
        <testcase classname="test/lib/release.test.ts" name="getRepoUrl &gt; returns undefined when there is no repository field" time="0.0000822">
        </testcase>
        <testcase classname="test/lib/release.test.ts" name="readPackageInfo &gt; reads version and repository from package.json" time="0.0053518">
        </testcase>
        <testcase classname="test/lib/release.test.ts" name="readPackageInfo &gt; throws when package.json does not exist" time="0.0012227">
        </testcase>
        <testcase classname="test/lib/release.test.ts" name="readPackageInfo &gt; throws when package.json is invalid JSON" time="0.0057115">
        </testcase>
        <testcase classname="test/lib/release.test.ts" name="readPackageInfo &gt; throws when package.json has no version field" time="0.0019498">
        </testcase>
        <testcase classname="test/lib/release.test.ts" name="hasUnreleasedSection / updateReleaseNotes &gt; detects the &quot;## Unreleased&quot; heading" time="0.0019596">
        </testcase>
        <testcase classname="test/lib/release.test.ts" name="hasUnreleasedSection / updateReleaseNotes &gt; returns false when the file exists but has no Unreleased heading" time="0.0020009">
        </testcase>
        <testcase classname="test/lib/release.test.ts" name="hasUnreleasedSection / updateReleaseNotes &gt; returns false when RELEASE_NOTES.md does not exist" time="0.000746">
        </testcase>
        <testcase classname="test/lib/release.test.ts" name="hasUnreleasedSection / updateReleaseNotes &gt; promotes the Unreleased heading to the new version" time="0.0024705">
        </testcase>
        <testcase classname="test/lib/release.test.ts" name="hasUnreleasedSection / updateReleaseNotes &gt; throws when there is no Unreleased heading to promote" time="0.0018243">
        </testcase>
        <testcase classname="test/lib/release.test.ts" name="detectHelm / validateHelmFiles / updateHelmVersion &gt; detects Helm only when both values.yaml and Chart.yaml exist" time="0.0033226">
        </testcase>
        <testcase classname="test/lib/release.test.ts" name="detectHelm / validateHelmFiles / updateHelmVersion &gt; validateHelmFiles throws when values.yaml has no service.image field" time="0.0044939">
        </testcase>
        <testcase classname="test/lib/release.test.ts" name="detectHelm / validateHelmFiles / updateHelmVersion &gt; validateHelmFiles resolves when both files have the expected shape" time="0.0034116">
        </testcase>
        <testcase classname="test/lib/release.test.ts" name="detectHelm / validateHelmFiles / updateHelmVersion &gt; updates values.yaml tag and Chart.yaml appVersion" time="0.0059379">
        </testcase>
        <testcase classname="test/lib/release.test.ts" name="detectHelm / validateHelmFiles / updateHelmVersion &gt; also updates single_node_install.sh and README.md when present, and reports them as touched" time="0.0063314">
        </testcase>
        <testcase classname="test/lib/release.test.ts" name="detectHelm / validateHelmFiles / updateHelmVersion &gt; skips single_node_install.sh and README.md when neither exists" time="0.0041949">
        </testcase>
        <testcase classname="test/lib/release.test.ts" name="git-backed release flow &gt; assertCleanWorkingTree resolves on a clean tree and throws on a dirty one" time="0.3991456">
        </testcase>
        <testcase classname="test/lib/release.test.ts" name="git-backed release flow &gt; previousTag returns undefined when there are no tags, and the latest tag once one exists" time="0.4069301">
        </testcase>
        <testcase classname="test/lib/release.test.ts" name="git-backed release flow &gt; collectChangelogBullets classifies every commit line in the range" time="0.4169507">
        </testcase>
        <testcase classname="test/lib/release.test.ts" name="git-backed release flow &gt; updateChangelog writes a new entry and compare links from the commit history" time="0.3490398">
        </testcase>
        <testcase classname="test/lib/release.test.ts" name="git-backed release flow &gt; updateChangelog warns and omits compare links when package.json has no repository field" time="0.3359925">
        </testcase>
        <testcase classname="test/lib/release.test.ts" name="git-backed release flow &gt; bumpPackageVersion updates package.json without creating a git tag" time="0.6687914">
        </testcase>
        <testcase classname="test/lib/release.test.ts" name="git-backed release flow &gt; stageAndCommit commits package.json/RELEASE_NOTES.md/CHANGELOG.md/extra files and tags v&lt;version&gt;" time="0.4777958">
        </testcase>
    </testsuite>
    <testsuite name="test/lib/template-integration.test.ts" timestamp="2026-09-11T20:21:16.014Z" hostname="Jane" tests="54" failures="0" errors="0" skipped="0" time="0.7346886">
        <testcase classname="test/lib/template-integration.test.ts" name="generate route — route template &gt; generates the route file and no scaffolding artifacts" time="0.0155358">
        </testcase>
        <testcase classname="test/lib/template-integration.test.ts" name="generate route — route template &gt; generates a model-extended route when model is provided" time="0.0069613">
        </testcase>
        <testcase classname="test/lib/template-integration.test.ts" name="generate route — route template &gt; generates a plain route (no model class) when model is empty" time="0.0064263">
        </testcase>
        <testcase classname="test/lib/template-integration.test.ts" name="generate route — route template &gt; uses the plain @Route decorator with no version when apiRoute is unset" time="0.0051996">
        </testcase>
        <testcase classname="test/lib/template-integration.test.ts" name="generate route — route template &gt; uses @ApiRoute with a version argument when apiRoute and apiVersion are set" time="0.0061511">
        </testcase>
        <testcase classname="test/lib/template-integration.test.ts" name="generate route — route template &gt; uses @ApiRoute with no version argument when apiRoute is set but apiVersion is empty" time="0.0071435">
        </testcase>
        <testcase classname="test/lib/template-integration.test.ts" name="generate route — test template &gt; generates the test file" time="0.0117642">
        </testcase>
        <testcase classname="test/lib/template-integration.test.ts" name="generate route — test template &gt; includes mongo-specific imports when datastoreType is mongodb" time="0.0115971">
        </testcase>
        <testcase classname="test/lib/template-integration.test.ts" name="generate route — test template &gt; omits mongo-specific imports when datastoreType is not mongodb" time="0.0100328">
        </testcase>
        <testcase classname="test/lib/template-integration.test.ts" name="generate route — test template &gt; uses the bare path as baseUrl when apiRoute is unset" time="0.0086197">
        </testcase>
        <testcase classname="test/lib/template-integration.test.ts" name="generate route — test template &gt; prefixes baseUrl with /api/v&lt;version&gt; when apiRoute and apiVersion are set" time="0.0098087">
        </testcase>
        <testcase classname="test/lib/template-integration.test.ts" name="generate route — test template &gt; prefixes baseUrl with /api (no version) when apiRoute is set but apiVersion is empty" time="0.0093897">
        </testcase>
        <testcase classname="test/lib/template-integration.test.ts" name="generate model &gt; generates the model file under src/models/ and no scaffolding artifacts" time="0.0087073">
        </testcase>
        <testcase classname="test/lib/template-integration.test.ts" name="generate model &gt; emits Mongo entity imports when datastoreType is mongodb" time="0.0089362">
        </testcase>
        <testcase classname="test/lib/template-integration.test.ts" name="generate model &gt; emits SQL entity imports when datastoreType is not mongodb" time="0.0093082">
        </testcase>
        <testcase classname="test/lib/template-integration.test.ts" name="generate job &gt; generates the job source and test files with no scaffolding artifacts" time="0.0075041">
        </testcase>
        <testcase classname="test/lib/template-integration.test.ts" name="generate job &gt; substitutes description, schedule, and author into the job source" time="0.0070794">
        </testcase>
        <testcase classname="test/lib/template-integration.test.ts" name="generate job &gt; references the generated job class from the test file" time="0.0110567">
        </testcase>
        <testcase classname="test/lib/template-integration.test.ts" name="generate react &gt; generates app and route files with no scaffolding artifacts" time="0.0174058">
        </testcase>
        <testcase classname="test/lib/template-integration.test.ts" name="generate react &gt; merges react dependencies into package.json via patch" time="0.0192376">
        </testcase>
        <testcase classname="test/lib/template-integration.test.ts" name="generate react &gt; adds an /export\..*/ class_loader ignore entry to both src/config.ts and test/config.ts" time="0.0138116">
        </testcase>
        <testcase classname="test/lib/template-integration.test.ts" name="generate react &gt; adds a react.manifestPath config block to src/config.ts when hydrate is enabled" time="0.0194001">
        </testcase>
        <testcase classname="test/lib/template-integration.test.ts" name="generate react &gt; does not add a react.manifestPath config block when hydrate is disabled" time="0.0156121">
        </testcase>
        <testcase classname="test/lib/template-integration.test.ts" name="generate react-page &gt; generates the page component under apps/&lt;app&gt;/&lt;name&gt;/index.tsx and a flat service class, with no scaffolding artifacts" time="0.0079403">
        </testcase>
        <testcase classname="test/lib/template-integration.test.ts" name="generate react-page &gt; omits the service class when service is disabled" time="0.0058124">
        </testcase>
        <testcase classname="test/lib/template-integration.test.ts" name="generate react-page &gt; omits the client-side fetchProps helper when a service class is used" time="0.0075208">
        </testcase>
        <testcase classname="test/lib/template-integration.test.ts" name="generate react-page &gt; includes the client-side fetchProps helper when no service class is used" time="0.0056561">
        </testcase>
        <testcase classname="test/lib/template-integration.test.ts" name="generate react-page &gt; substitutes app, name, and author into the generated service class" time="0.0076506">
        </testcase>
        <testcase classname="test/lib/template-integration.test.ts" name="generate react-page &gt; nested page paths &gt; nests the page component under the full subpath while keeping the service class flat" time="0.00831">
        </testcase>
        <testcase classname="test/lib/template-integration.test.ts" name="generate react-page &gt; nested page paths &gt; uses the PascalCased className for the component and service identifiers" time="0.0084226">
        </testcase>
        <testcase classname="test/lib/template-integration.test.ts" name="generate server &gt; generates core server files when all optional features are disabled" time="0.0415799">
        </testcase>
        <testcase classname="test/lib/template-integration.test.ts" name="generate server &gt; includes GitHub CI workflow when scm.github is enabled" time="0.0391865">
        </testcase>
        <testcase classname="test/lib/template-integration.test.ts" name="generate server &gt; does not include react app files when features.react is disabled" time="0.0384913">
        </testcase>
        <testcase classname="test/lib/template-integration.test.ts" name="generate server &gt; apiRoute prefix &gt; uses the plain @Route decorator when apiRoute is unset" time="0.0352523">
        </testcase>
        <testcase classname="test/lib/template-integration.test.ts" name="generate server &gt; apiRoute prefix &gt; uses @ApiRoute with a version on the generated Hello route when apiRoute is set" time="0.0339351">
        </testcase>
        <testcase classname="test/lib/template-integration.test.ts" name="generate default-route &gt; only generates the route files corresponding to the enabled hasXRoute flags" time="0.0076583">
        </testcase>
        <testcase classname="test/lib/template-integration.test.ts" name="generate default-route &gt; renders the SQL ACL variant when features.mongodb is false" time="0.0056773">
        </testcase>
        <testcase classname="test/lib/template-integration.test.ts" name="generate default-route &gt; renders the Mongo ACL variant when features.mongodb is true" time="0.0057167">
        </testcase>
        <testcase classname="test/lib/template-integration.test.ts" name="generate default-route &gt; uses @ApiRoute with a version on every generated route when apiRoute is set" time="0.0148806">
        </testcase>
        <testcase classname="test/lib/template-integration.test.ts" name="generate default-route &gt; uses the plain @Route decorator when apiRoute is unset" time="0.005327">
        </testcase>
        <testcase classname="test/lib/template-integration.test.ts" name="generate default-route &gt; generates StaticRoute.ts when hasStaticRoute is true" time="0.010387">
        </testcase>
        <testcase classname="test/lib/template-integration.test.ts" name="generate default-route &gt; static route config.ts patch &gt; inserts static_files as a top-level property, not nested inside another block" time="0.0072494">
        </testcase>
        <testcase classname="test/lib/template-integration.test.ts" name="generate default-route &gt; static route config.ts patch &gt; does not patch config.ts when hasStaticRoute is false" time="0.0032433">
        </testcase>
        <testcase classname="test/lib/template-integration.test.ts" name="generate default-route &gt; static route config.ts patch &gt; is idempotent — re-running the patch does not insert a duplicate static_files property" time="0.0143167">
        </testcase>
        <testcase classname="test/lib/template-integration.test.ts" name="generate k8s — helm template (regression: helmPaths must stay non-empty) &gt; renders without throwing" time="0.0168323">
        </testcase>
        <testcase classname="test/lib/template-integration.test.ts" name="generate k8s — helm template (regression: helmPaths must stay non-empty) &gt; substitutes [[ ]] placeholders - no file is left containing literal [[project_name]] or [[name]]" time="0.0189959">
        </testcase>
        <testcase classname="test/lib/template-integration.test.ts" name="generate k8s — helm template (regression: helmPaths must stay non-empty) &gt; resolves Chart.yaml&apos;s name to the real project name, not blank" time="0.0144936">
        </testcase>
        <testcase classname="test/lib/template-integration.test.ts" name="generate k8s — helm template (regression: helmPaths must stay non-empty) &gt; resolves the Deployment/Service names to &lt;project_name&gt;-services, not a bare &quot;-services&quot;" time="0.0144388">
        </testcase>
        <testcase classname="test/lib/template-integration.test.ts" name="generate k8s — helm template (regression: helmPaths must stay non-empty) &gt; leaves Helm&apos;s own {{ }} Go-template syntax untouched for Helm to render later" time="0.0148921">
        </testcase>
        <testcase classname="test/lib/template-integration.test.ts" name="generate k8s — helm template (PostgreSQL support) &gt; renders without throwing and leaves no unsubstituted [[ ]] placeholder" time="0.0198934">
        </testcase>
        <testcase classname="test/lib/template-integration.test.ts" name="generate k8s — helm template (PostgreSQL support) &gt; lists both mongodb and postgresql as chart dependencies regardless of which was scaffolded" time="0.022747">
        </testcase>
        <testcase classname="test/lib/template-integration.test.ts" name="generate k8s — helm template (PostgreSQL support) &gt; defaults postgresql.create to true and omits mongodb.create when postgres was scaffolded" time="0.0151685">
        </testcase>
        <testcase classname="test/lib/template-integration.test.ts" name="generate k8s — helm template (PostgreSQL support) &gt; wires a postgres-probe init container guarded by $.Values.postgresql.create" time="0.0169067">
        </testcase>
        <testcase classname="test/lib/template-integration.test.ts" name="generate k8s — helm template (PostgreSQL support) &gt; wires the acl and sql datastores from the postgresql subchart in service-config.yaml" time="0.0166331">
        </testcase>
    </testsuite>
    <testsuite name="test/lib/template.test.ts" timestamp="2026-09-11T20:21:16.019Z" hostname="Jane" tests="37" failures="0" errors="0" skipped="0" time="0.1496753">
        <testcase classname="test/lib/template.test.ts" name="processTemplate &gt; substitutes {{variable}} in file content" time="0.0093173">
        </testcase>
        <testcase classname="test/lib/template.test.ts" name="processTemplate &gt; substitutes {{name}} placeholders in output file paths" time="0.0045139">
        </testcase>
        <testcase classname="test/lib/template.test.ts" name="processTemplate &gt; evaluates {{#if}} Handlebars conditionals in content" time="0.0038253">
        </testcase>
        <testcase classname="test/lib/template.test.ts" name="processTemplate &gt; supports the isUndefined helper for conditional blocks" time="0.0026917">
        </testcase>
        <testcase classname="test/lib/template.test.ts" name="processTemplate &gt; treats a conditionalFiles condition that traverses through a non-object value as falsy" time="0.001768">
        </testcase>
        <testcase classname="test/lib/template.test.ts" name="processTemplate &gt; copies binary files (.cjs, .gz) byte-for-byte without Handlebars processing" time="0.0024521">
        </testcase>
        <testcase classname="test/lib/template.test.ts" name="processTemplate &gt; excludes a file when its manifest condition is false" time="0.0029492">
        </testcase>
        <testcase classname="test/lib/template.test.ts" name="processTemplate &gt; includes a file when its manifest condition is true" time="0.0025445">
        </testcase>
        <testcase classname="test/lib/template.test.ts" name="processTemplate &gt; excludes a directory subtree when its manifest condition is false" time="0.0021374">
        </testcase>
        <testcase classname="test/lib/template.test.ts" name="processTemplate &gt; preserves ${{ }} GitHub Actions syntax unchanged" time="0.0023439">
        </testcase>
        <testcase classname="test/lib/template.test.ts" name="processTemplate &gt; throws when an output file already exists and force is not set" time="0.0022516">
        </testcase>
        <testcase classname="test/lib/template.test.ts" name="processTemplate &gt; overwrites an existing output file when force is true" time="0.0023876">
        </testcase>
        <testcase classname="test/lib/template.test.ts" name="processTemplate &gt; creates nested output directories for files in subdirectories" time="0.003593">
        </testcase>
        <testcase classname="test/lib/template.test.ts" name="processTemplate &gt; patches &gt; does not copy patch template files into the output directory" time="0.0046784">
        </testcase>
        <testcase classname="test/lib/template.test.ts" name="processTemplate &gt; patches &gt; applies a json-merge patch to the project directory after file generation" time="0.0060727">
        </testcase>
        <testcase classname="test/lib/template.test.ts" name="processTemplate &gt; patches &gt; skips a patch when its condition is falsy in the context" time="0.0039557">
        </testcase>
        <testcase classname="test/lib/template.test.ts" name="processTemplate &gt; patches &gt; applies a ts-block-insert patch to src/config.ts in the project directory" time="0.0057429">
        </testcase>
        <testcase classname="test/lib/template.test.ts" name="processTemplate &gt; patches &gt; falls back to process.cwd() as the patch target when opts.projectDir is not provided" time="0.0036305">
        </testcase>
        <testcase classname="test/lib/template.test.ts" name="processTemplate &gt; Helm-safe mode (helmPaths) &gt; substitutes [[ varname ]] in Helm files" time="0.0036614">
        </testcase>
        <testcase classname="test/lib/template.test.ts" name="processTemplate &gt; Helm-safe mode (helmPaths) &gt; substitutes an empty string for an undefined variable in Helm file content" time="0.0033006">
        </testcase>
        <testcase classname="test/lib/template.test.ts" name="processTemplate &gt; Helm-safe mode (helmPaths) &gt; substitutes an empty string for an undefined variable in a Helm-safe output file path" time="0.0033899">
        </testcase>
        <testcase classname="test/lib/template.test.ts" name="processTemplate &gt; Helm-safe mode (helmPaths) &gt; resolves [[#if condition]]...[[/if]] blocks in Helm files" time="0.0032356">
        </testcase>
        <testcase classname="test/lib/template.test.ts" name="processTemplate &gt; Helm-safe mode (helmPaths) &gt; substitutes [[var]] placeholders in Helm-safe output file paths" time="0.0029127">
        </testcase>
        <testcase classname="test/lib/template.test.ts" name="processTemplate &gt; Helm-safe mode (helmPaths) &gt; preserves Helm {{ }} Go-template expressions in helmPaths files" time="0.0035262">
        </testcase>
        <testcase classname="test/lib/template.test.ts" name="processTemplate &gt; Helm-safe mode (helmPaths) &gt; handles nested [[#if]] blocks in Helm files" time="0.0029277">
        </testcase>
        <testcase classname="test/lib/template.test.ts" name="processTemplate &gt; Helm-safe mode (helmPaths) &gt; substitutes [[ dotted.path ]] from nested context in Helm files" time="0.0028431">
        </testcase>
        <testcase classname="test/lib/template.test.ts" name="processTemplate &gt; Helm-safe mode (helmPaths) &gt; files outside helmPaths still use Handlebars {{ }} normally" time="0.0048539">
        </testcase>
        <testcase classname="test/lib/template.test.ts" name="renderTemplateFiles &gt; renders content and the compiled output path without writing anything to disk" time="0.0165063">
        </testcase>
        <testcase classname="test/lib/template.test.ts" name="renderTemplateFiles &gt; skips template.config.json itself" time="0.0024632">
        </testcase>
        <testcase classname="test/lib/template.test.ts" name="renderTemplateFiles &gt; excludes conditionalFiles whose condition is falsy" time="0.0017858">
        </testcase>
        <testcase classname="test/lib/template.test.ts" name="renderTemplateFiles &gt; includes conditionalFiles whose condition is truthy" time="0.0019051">
        </testcase>
        <testcase classname="test/lib/template.test.ts" name="renderTemplateFiles &gt; excludes patch template fragments from the results" time="0.0023127">
        </testcase>
        <testcase classname="test/lib/template.test.ts" name="renderTemplateFiles &gt; does not apply patches (no target files are touched, no error)" time="0.0016107">
        </testcase>
        <testcase classname="test/lib/template.test.ts" name="renderTemplateFiles &gt; skips binary files entirely" time="0.0012922">
        </testcase>
        <testcase classname="test/lib/template.test.ts" name="renderTemplateFiles &gt; renders Helm-safe [[ ]] syntax for helmPaths files, leaving other files using Handlebars" time="0.00329">
        </testcase>
        <testcase classname="test/lib/template.test.ts" name="renderTemplateFiles &gt; escapes ${{ }} (CI syntax) so Handlebars does not try to parse it" time="0.0016501">
        </testcase>
        <testcase classname="test/lib/template.test.ts" name="renderTemplateFiles &gt; returns an empty array for a template dir with no template.config.json and no files" time="0.0006485">
        </testcase>
    </testsuite>
    <testsuite name="test/lib/upgrade.test.ts" timestamp="2026-09-11T20:21:16.022Z" hostname="Jane" tests="36" failures="0" errors="0" skipped="0" time="0.851315">
        <testcase classname="test/lib/upgrade.test.ts" name="upgrade &gt; planUpgrade — file changes &gt; reports a file change when boilerplate content differs from the current template" time="0.0326503">
        </testcase>
        <testcase classname="test/lib/upgrade.test.ts" name="upgrade &gt; planUpgrade — file changes &gt; does not report a change when content already matches" time="0.0207697">
        </testcase>
        <testcase classname="test/lib/upgrade.test.ts" name="upgrade &gt; planUpgrade — file changes &gt; never reports a file that does not already exist in the project (Dockerfile absent)" time="0.021995">
        </testcase>
        <testcase classname="test/lib/upgrade.test.ts" name="upgrade &gt; planUpgrade — file changes &gt; reports a Dockerfile change when the project already has one and it differs" time="0.0250727">
        </testcase>
        <testcase classname="test/lib/upgrade.test.ts" name="upgrade &gt; planUpgrade — file changes &gt; never includes src/config.ts in fileChanges, even though it is a real templates/server output file that differs" time="0.027929">
        </testcase>
        <testcase classname="test/lib/upgrade.test.ts" name="upgrade &gt; planUpgrade — file changes &gt; never includes test/config.ts in fileChanges" time="0.0252931">
        </testcase>
        <testcase classname="test/lib/upgrade.test.ts" name="upgrade &gt; planUpgrade — file changes &gt; applyUpgrade never writes to src/config.ts even when other server files change" time="0.0277327">
        </testcase>
        <testcase classname="test/lib/upgrade.test.ts" name="upgrade &gt; planUpgrade — file changes &gt; never includes package.json in fileChanges even though its content differs" time="0.0228037">
        </testcase>
        <testcase classname="test/lib/upgrade.test.ts" name="upgrade &gt; planUpgrade — file changes &gt; treats CRLF vs LF as equivalent (no false-positive change from line endings alone)" time="0.0228108">
        </testcase>
        <testcase classname="test/lib/upgrade.test.ts" name="upgrade &gt; planUpgrade — file changes &gt; reads description/repository from the project&apos;s own package.json to render README.md correctly" time="0.0245949">
        </testcase>
        <testcase classname="test/lib/upgrade.test.ts" name="upgrade &gt; planUpgrade — file changes &gt; does not report README.md as changed when it already matches the project&apos;s description/repository" time="0.0208166">
        </testcase>
        <testcase classname="test/lib/upgrade.test.ts" name="upgrade &gt; planUpgrade — file changes &gt; detects apiRoute/apiVersion from HelloRoute.ts and threads it into default-route rendering" time="0.0211621">
        </testcase>
        <testcase classname="test/lib/upgrade.test.ts" name="upgrade &gt; planUpgrade — file changes &gt; falls back to no api prefix when HelloRoute.ts exists but has no recognizable @Route decorator" time="0.0218573">
        </testcase>
        <testcase classname="test/lib/upgrade.test.ts" name="upgrade &gt; planUpgrade — file changes &gt; falls back to no api prefix when HelloRoute.ts is missing" time="0.0234441">
        </testcase>
        <testcase classname="test/lib/upgrade.test.ts" name="upgrade &gt; planUpgrade — file changes &gt; does not report a default-route file the project never had" time="0.0206026">
        </testcase>
        <testcase classname="test/lib/upgrade.test.ts" name="upgrade &gt; planUpgrade — dependency changes &gt; reports a stale version pin" time="0.021106">
        </testcase>
        <testcase classname="test/lib/upgrade.test.ts" name="upgrade &gt; planUpgrade — dependency changes &gt; derives hasSqlDatastore from a sqlite-only datastore too (not just postgres)" time="0.021693">
        </testcase>
        <testcase classname="test/lib/upgrade.test.ts" name="upgrade &gt; planUpgrade — dependency changes &gt; reports a missing dependency as an addition (from undefined)" time="0.0261664">
        </testcase>
        <testcase classname="test/lib/upgrade.test.ts" name="upgrade &gt; planUpgrade — dependency changes &gt; does not report a dependency that already matches" time="0.0217059">
        </testcase>
        <testcase classname="test/lib/upgrade.test.ts" name="upgrade &gt; planUpgrade — dependency changes &gt; does not include react patch dependencies when the project has no vite.config.ts" time="0.0241605">
        </testcase>
        <testcase classname="test/lib/upgrade.test.ts" name="upgrade &gt; planUpgrade — dependency changes &gt; includes react patch dependencies when the project has vite.config.ts" time="0.021414">
        </testcase>
        <testcase classname="test/lib/upgrade.test.ts" name="upgrade &gt; planUpgrade — dependency changes &gt; does not throw when react is detected but the template has no react patch file" time="0.0223354">
        </testcase>
        <testcase classname="test/lib/upgrade.test.ts" name="upgrade &gt; planUpgrade — dependency changes &gt; does not include helm patch dependencies when the project has no helm/Chart.yaml" time="0.0199008">
        </testcase>
        <testcase classname="test/lib/upgrade.test.ts" name="upgrade &gt; planUpgrade — dependency changes &gt; does not throw when helm is detected but the template has no helm patch file" time="0.020105">
        </testcase>
        <testcase classname="test/lib/upgrade.test.ts" name="upgrade &gt; planUpgrade — dependency changes &gt; includes helm patch dependencies when the project has helm/Chart.yaml" time="0.0201229">
        </testcase>
        <testcase classname="test/lib/upgrade.test.ts" name="upgrade &gt; planUpgrade — dependency changes &gt; never proposes removing a project-only extra dependency" time="0.0186834">
        </testcase>
        <testcase classname="test/lib/upgrade.test.ts" name="upgrade &gt; planUpgrade — dependency changes &gt; sets packageJsonWrite with the merged data and detected indent when there are changes" time="0.0210427">
        </testcase>
        <testcase classname="test/lib/upgrade.test.ts" name="upgrade &gt; planUpgrade — dependency changes &gt; leaves packageJsonWrite undefined when there are no dependency changes" time="0.0414561">
        </testcase>
        <testcase classname="test/lib/upgrade.test.ts" name="upgrade &gt; planUpgrade — dependency changes &gt; does not throw and reports no dependency changes when the project has no package.json" time="0.0252025">
        </testcase>
        <testcase classname="test/lib/upgrade.test.ts" name="upgrade &gt; applyUpgrade &gt; writes each file change to its existing path" time="0.0235304">
        </testcase>
        <testcase classname="test/lib/upgrade.test.ts" name="upgrade &gt; applyUpgrade &gt; writes the merged package.json preserving the project&apos;s tab indentation" time="0.0243391">
        </testcase>
        <testcase classname="test/lib/upgrade.test.ts" name="upgrade &gt; applyUpgrade &gt; does not write package.json at all when there are no dependency changes" time="0.0274228">
        </testcase>
        <testcase classname="test/lib/upgrade.test.ts" name="upgrade &gt; applyUpgrade &gt; never creates a file that did not already exist (Dockerfile absent)" time="0.0206056">
        </testcase>
        <testcase classname="test/lib/upgrade.test.ts" name="upgrade &gt; applyUpgrade &gt; running the plan a second time reports no further changes (idempotent)" time="0.033164">
        </testcase>
        <testcase classname="test/lib/upgrade.test.ts" name="upgrade &gt; resilience &gt; does not throw when a syncable template dir is entirely missing from templatesDir" time="0.018858">
        </testcase>
        <testcase classname="test/lib/upgrade.test.ts" name="upgrade &gt; resilience &gt; reports no dependency changes when the server template dir (and so its package.json) is missing" time="0.0169164">
        </testcase>
    </testsuite>
    <testsuite name="test/commands/dep/add.test.ts" timestamp="2026-09-11T20:21:16.026Z" hostname="Jane" tests="8" failures="0" errors="0" skipped="0" time="4.6505547">
        <testcase classname="test/commands/dep/add.test.ts" name="dep add &gt; adds a single package as a regular dependency by default" time="1.3315335">
        </testcase>
        <testcase classname="test/commands/dep/add.test.ts" name="dep add &gt; adds multiple packages in one call" time="0.4511078">
        </testcase>
        <testcase classname="test/commands/dep/add.test.ts" name="dep add &gt; passes dev: true when --dev is set" time="0.5090883">
        </testcase>
        <testcase classname="test/commands/dep/add.test.ts" name="dep add &gt; passes dev: true when -D is set" time="0.4621099">
        </testcase>
        <testcase classname="test/commands/dep/add.test.ts" name="dep add &gt; uses the detected package manager" time="0.4878548">
        </testcase>
        <testcase classname="test/commands/dep/add.test.ts" name="dep add &gt; errors and does not call addPackages when no package name is given" time="0.4535889">
        </testcase>
        <testcase classname="test/commands/dep/add.test.ts" name="dep add &gt; propagates an error from addPackages" time="0.5011584">
        </testcase>
        <testcase classname="test/commands/dep/add.test.ts" name="dep add &gt; falls back to String(e) when addPackages rejects with a non-Error value" time="0.4525235">
        </testcase>
    </testsuite>
    <testsuite name="test/commands/dep/install.test.ts" timestamp="2026-09-11T20:21:16.027Z" hostname="Jane" tests="4" failures="0" errors="0" skipped="0" time="2.6199228">
        <testcase classname="test/commands/dep/install.test.ts" name="dep install &gt; installs with the detected package manager in the current working directory" time="1.2682011">
        </testcase>
        <testcase classname="test/commands/dep/install.test.ts" name="dep install &gt; uses yarn when detectPackageManager resolves &quot;yarn&quot;" time="0.4584148">
        </testcase>
        <testcase classname="test/commands/dep/install.test.ts" name="dep install &gt; propagates an error from runInstall" time="0.4429565">
        </testcase>
        <testcase classname="test/commands/dep/install.test.ts" name="dep install &gt; falls back to String(e) when runInstall rejects with a non-Error value" time="0.4488927">
        </testcase>
    </testsuite>
    <testsuite name="test/commands/dep/remove.test.ts" timestamp="2026-09-11T20:21:16.028Z" hostname="Jane" tests="6" failures="0" errors="0" skipped="0" time="3.8259056">
        <testcase classname="test/commands/dep/remove.test.ts" name="dep remove &gt; removes a single package" time="1.3122153">
        </testcase>
        <testcase classname="test/commands/dep/remove.test.ts" name="dep remove &gt; removes multiple packages in one call" time="0.5019259">
        </testcase>
        <testcase classname="test/commands/dep/remove.test.ts" name="dep remove &gt; uses the detected package manager" time="0.5107079">
        </testcase>
        <testcase classname="test/commands/dep/remove.test.ts" name="dep remove &gt; errors and does not call removePackages when no package name is given" time="0.4540098">
        </testcase>
        <testcase classname="test/commands/dep/remove.test.ts" name="dep remove &gt; propagates an error from removePackages" time="0.4892882">
        </testcase>
        <testcase classname="test/commands/dep/remove.test.ts" name="dep remove &gt; falls back to String(e) when removePackages rejects with a non-Error value" time="0.5562517">
        </testcase>
    </testsuite>
    <testsuite name="test/commands/dep/upgrade.test.ts" timestamp="2026-09-11T20:21:16.028Z" hostname="Jane" tests="12" failures="0" errors="0" skipped="0" time="6.5432423">
        <testcase classname="test/commands/dep/upgrade.test.ts" name="dep upgrade &gt; errors when there is no package.json" time="1.1664265">
        </testcase>
        <testcase classname="test/commands/dep/upgrade.test.ts" name="dep upgrade &gt; scans the default sections (no peerDependencies) when no packages are named" time="0.5280011">
        </testcase>
        <testcase classname="test/commands/dep/upgrade.test.ts" name="dep upgrade &gt; includes peerDependencies when --peer is set with no packages named" time="0.5168795">
        </testcase>
        <testcase classname="test/commands/dep/upgrade.test.ts" name="dep upgrade &gt; passes --exclude through to buildUpgradePlan" time="0.4590678">
        </testcase>
        <testcase classname="test/commands/dep/upgrade.test.ts" name="dep upgrade &gt; parses requested package specs and always searches every section for them" time="0.4719558">
        </testcase>
        <testcase classname="test/commands/dep/upgrade.test.ts" name="dep upgrade &gt; warns for every skipped package" time="0.5868883">
        </testcase>
        <testcase classname="test/commands/dep/upgrade.test.ts" name="dep upgrade &gt; does nothing further when there is nothing to upgrade" time="0.4472212">
        </testcase>
        <testcase classname="test/commands/dep/upgrade.test.ts" name="dep upgrade &gt; with upgrades available &gt; applies the plan, writes package.json, and installs by default" time="0.4585455">
        </testcase>
        <testcase classname="test/commands/dep/upgrade.test.ts" name="dep upgrade &gt; with upgrades available &gt; does not mutate anything on --dry-run" time="0.4689443">
        </testcase>
        <testcase classname="test/commands/dep/upgrade.test.ts" name="dep upgrade &gt; with upgrades available &gt; skips the install when --no-install is set" time="0.5015503">
        </testcase>
        <testcase classname="test/commands/dep/upgrade.test.ts" name="dep upgrade &gt; with upgrades available &gt; propagates an error from runInstall" time="0.4670664">
        </testcase>
        <testcase classname="test/commands/dep/upgrade.test.ts" name="dep upgrade &gt; with upgrades available &gt; falls back to String(e) when runInstall rejects with a non-Error value" time="0.4687123">
        </testcase>
    </testsuite>
    <testsuite name="test/commands/generate/auth.test.ts" timestamp="2026-09-11T20:21:16.030Z" hostname="Jane" tests="40" failures="0" errors="0" skipped="0" time="21.0924537">
        <testcase classname="test/commands/generate/auth.test.ts" name="generate auth &gt; datastore type resolution &gt; --datastore-type sql skips the datastore-type select" time="1.2553312">
        </testcase>
        <testcase classname="test/commands/generate/auth.test.ts" name="generate auth &gt; datastore type resolution &gt; rejects an invalid --datastore-type" time="0.4425104">
        </testcase>
        <testcase classname="test/commands/generate/auth.test.ts" name="generate auth &gt; datastore type resolution &gt; prompts for datastore type when --datastore-type is omitted" time="0.4354455">
        </testcase>
        <testcase classname="test/commands/generate/auth.test.ts" name="generate auth &gt; datastore type resolution &gt; --datastore-type mongo never prompts for a sql sub-type" time="0.4987069">
        </testcase>
        <testcase classname="test/commands/generate/auth.test.ts" name="generate auth &gt; sql sub-type resolution &gt; --sql-type skips the sql-type select" time="0.6233944">
        </testcase>
        <testcase classname="test/commands/generate/auth.test.ts" name="generate auth &gt; sql sub-type resolution &gt; rejects an invalid --sql-type" time="0.4406319">
        </testcase>
        <testcase classname="test/commands/generate/auth.test.ts" name="generate auth &gt; sql sub-type resolution &gt; derives isPostgreSql/isSqlite from an already-configured &quot;sql&quot; datastore instead of prompting" time="0.4380638">
        </testcase>
        <testcase classname="test/commands/generate/auth.test.ts" name="generate auth &gt; sql sub-type resolution &gt; derives isSqlite when the existing &quot;sql&quot; datastore is better-sqlite3" time="0.5042457">
        </testcase>
        <testcase classname="test/commands/generate/auth.test.ts" name="generate auth &gt; sql sub-type resolution &gt; a datastore literally named &quot;mongo&quot; does not satisfy --datastore-type sql" time="0.4692898">
        </testcase>
        <testcase classname="test/commands/generate/auth.test.ts" name="generate auth &gt; sql sub-type resolution &gt; prompts for the sql sub-type when creating a new &quot;sql&quot; datastore and --sql-type is omitted" time="0.4689313">
        </testcase>
        <testcase classname="test/commands/generate/auth.test.ts" name="generate auth &gt; context building &gt; includes author, project_name, and year" time="0.4783592">
        </testcase>
        <testcase classname="test/commands/generate/auth.test.ts" name="generate auth &gt; context building &gt; --author skips inputAuthor" time="0.5301872">
        </testcase>
        <testcase classname="test/commands/generate/auth.test.ts" name="generate auth &gt; context building &gt; falls back to inputAuthor when --author is omitted" time="0.4609903">
        </testcase>
        <testcase classname="test/commands/generate/auth.test.ts" name="generate auth &gt; context building &gt; includes apiRoute/apiVersion detected from the project" time="0.5662574">
        </testcase>
        <testcase classname="test/commands/generate/auth.test.ts" name="generate auth &gt; context building &gt; sets defaultAccounts: false by default" time="0.5028749">
        </testcase>
        <testcase classname="test/commands/generate/auth.test.ts" name="generate auth &gt; context building &gt; --default-accounts sets defaultAccounts: true" time="0.5050772">
        </testcase>
        <testcase classname="test/commands/generate/auth.test.ts" name="generate auth &gt; auth method selection &gt; --method skips the methods checkbox" time="0.4744675">
        </testcase>
        <testcase classname="test/commands/generate/auth.test.ts" name="generate auth &gt; auth method selection &gt; rejects an invalid --method" time="0.4463947">
        </testcase>
        <testcase classname="test/commands/generate/auth.test.ts" name="generate auth &gt; auth method selection &gt; prompts a checkbox for methods when --method is omitted" time="0.4737806">
        </testcase>
        <testcase classname="test/commands/generate/auth.test.ts" name="generate auth &gt; auth method selection &gt; sets hasTotpConfig/hasOtplib when mfa is selected even without totp" time="0.4968833">
        </testcase>
        <testcase classname="test/commands/generate/auth.test.ts" name="generate auth &gt; auth method selection &gt; sets hasWebauthn when passkey is selected, without pulling in TOTP config" time="0.4915867">
        </testcase>
        <testcase classname="test/commands/generate/auth.test.ts" name="generate auth &gt; auth method selection &gt; leaves every method/config flag false for a plain basic-only selection" time="0.5103792">
        </testcase>
        <testcase classname="test/commands/generate/auth.test.ts" name="generate auth &gt; OIDC provider sub-flow &gt; is skipped entirely when oidc is not among the selected methods" time="0.4794084">
        </testcase>
        <testcase classname="test/commands/generate/auth.test.ts" name="generate auth &gt; OIDC provider sub-flow &gt; --oidc-provider skips the provider checkbox" time="0.50015">
        </testcase>
        <testcase classname="test/commands/generate/auth.test.ts" name="generate auth &gt; OIDC provider sub-flow &gt; rejects an invalid --oidc-provider" time="0.5006257">
        </testcase>
        <testcase classname="test/commands/generate/auth.test.ts" name="generate auth &gt; OIDC provider sub-flow &gt; generates one processTemplate call per selected provider, using the oidc-provider template dir" time="0.53327">
        </testcase>
        <testcase classname="test/commands/generate/auth.test.ts" name="generate auth &gt; OIDC provider sub-flow &gt; populates Google preset data (openid, known endpoints, jwksURI) into the provider context" time="0.5526491">
        </testcase>
        <testcase classname="test/commands/generate/auth.test.ts" name="generate auth &gt; OIDC provider sub-flow &gt; populates Facebook preset data with protocol oauth2 and no jwksURI/issuer" time="0.5560163">
        </testcase>
        <testcase classname="test/commands/generate/auth.test.ts" name="generate auth &gt; OIDC provider sub-flow &gt; sets hasJwksRsa true when any selected provider uses openid" time="0.55668">
        </testcase>
        <testcase classname="test/commands/generate/auth.test.ts" name="generate auth &gt; OIDC provider sub-flow &gt; leaves hasJwksRsa false when every selected provider is oauth2-only" time="0.5160106">
        </testcase>
        <testcase classname="test/commands/generate/auth.test.ts" name="generate auth &gt; OIDC provider sub-flow &gt; prompts additional fields (authorizationURL, tokenURL, protocol, scope) for a custom provider" time="0.502724">
        </testcase>
        <testcase classname="test/commands/generate/auth.test.ts" name="generate auth &gt; OIDC provider sub-flow &gt; prompts for issuer/jwksURI on a custom provider using openid" time="0.503399">
        </testcase>
        <testcase classname="test/commands/generate/auth.test.ts" name="generate auth &gt; OIDC provider sub-flow &gt; prompts for the provider checkbox when --oidc-provider is omitted" time="0.6734076">
        </testcase>
        <testcase classname="test/commands/generate/auth.test.ts" name="generate auth &gt; output and template options &gt; defaults the output directory to process.cwd()" time="0.5110898">
        </testcase>
        <testcase classname="test/commands/generate/auth.test.ts" name="generate auth &gt; output and template options &gt; uses --output-dir when provided" time="0.5957192">
        </testcase>
        <testcase classname="test/commands/generate/auth.test.ts" name="generate auth &gt; output and template options &gt; points processTemplate at the auth template directory" time="0.5382399">
        </testcase>
        <testcase classname="test/commands/generate/auth.test.ts" name="generate auth &gt; output and template options &gt; passes force: true and the project cwd as projectDir when --force is set" time="0.6209656">
        </testcase>
        <testcase classname="test/commands/generate/auth.test.ts" name="generate auth &gt; output and template options &gt; passes force: undefined when --force is not set" time="0.5206755">
        </testcase>
        <testcase classname="test/commands/generate/auth.test.ts" name="generate auth &gt; error handling &gt; propagates an error thrown by processTemplate" time="0.4675745">
        </testcase>
        <testcase classname="test/commands/generate/auth.test.ts" name="generate auth &gt; error handling &gt; falls back to String(err) when processTemplate rejects with a non-Error value" time="0.4481225">
        </testcase>
    </testsuite>
    <testsuite name="test/commands/generate/default-route.test.ts" timestamp="2026-09-11T20:21:16.033Z" hostname="Jane" tests="32" failures="0" errors="0" skipped="0" time="19.2219364">
        <testcase classname="test/commands/generate/default-route.test.ts" name="generate default-route &gt; context building &gt; builds the correct context from prompts and passes it to processTemplate" time="1.2917607">
        </testcase>
        <testcase classname="test/commands/generate/default-route.test.ts" name="generate default-route &gt; context building &gt; sets hasXRoute flags to true only for the routes selected via checkbox" time="0.4534672">
        </testcase>
        <testcase classname="test/commands/generate/default-route.test.ts" name="generate default-route &gt; context building &gt; sets hasStaticRoute: true when static-route is selected via checkbox" time="0.505786">
        </testcase>
        <testcase classname="test/commands/generate/default-route.test.ts" name="generate default-route &gt; api flag &gt; sets apiRoute: false and apiVersion: undefined when the &quot;Is this an API route?&quot; prompt is declined" time="0.4606667">
        </testcase>
        <testcase classname="test/commands/generate/default-route.test.ts" name="generate default-route &gt; api flag &gt; sets apiRoute: true and apiVersion from the follow-up prompt when confirmed" time="0.4434998">
        </testcase>
        <testcase classname="test/commands/generate/default-route.test.ts" name="generate default-route &gt; api flag &gt; --api with a value skips both the confirm and version prompts" time="0.4840395">
        </testcase>
        <testcase classname="test/commands/generate/default-route.test.ts" name="generate default-route &gt; api flag &gt; --api-route alone (no --api) sets apiRoute true with an empty apiVersion, without prompting" time="0.5519763">
        </testcase>
        <testcase classname="test/commands/generate/default-route.test.ts" name="generate default-route &gt; api flag &gt; --no-api-route sets apiRoute false without prompting, unlike omitting --api entirely" time="0.5896994">
        </testcase>
        <testcase classname="test/commands/generate/default-route.test.ts" name="generate default-route &gt; api flag &gt; --api-route with --api sets both explicitly" time="0.450743">
        </testcase>
        <testcase classname="test/commands/generate/default-route.test.ts" name="generate default-route &gt; --type flag &gt; generates only the specified route type without showing the checkbox prompt" time="0.4830056">
        </testcase>
        <testcase classname="test/commands/generate/default-route.test.ts" name="generate default-route &gt; --type flag &gt; accepts each of the documented route types" time="3.4243759">
        </testcase>
        <testcase classname="test/commands/generate/default-route.test.ts" name="generate default-route &gt; --type flag &gt; rejects an unrecognized --type value" time="0.503164">
        </testcase>
        <testcase classname="test/commands/generate/default-route.test.ts" name="generate default-route &gt; --type flag &gt; generates multiple route types when --type is passed more than once" time="0.47763">
        </testcase>
        <testcase classname="test/commands/generate/default-route.test.ts" name="generate default-route &gt; --type flag &gt; dedupes repeated --type values" time="0.4668904">
        </testcase>
        <testcase classname="test/commands/generate/default-route.test.ts" name="generate default-route &gt; --type flag &gt; rejects when any of multiple --type values is invalid, listing all invalid ones" time="0.4663581">
        </testcase>
        <testcase classname="test/commands/generate/default-route.test.ts" name="generate default-route &gt; static route type &gt; prompts for the static file path when static-route is selected via checkbox and --static-path is not provided" time="0.4755959">
        </testcase>
        <testcase classname="test/commands/generate/default-route.test.ts" name="generate default-route &gt; static route type &gt; does not prompt for the static file path when static-route is not selected" time="0.4787254">
        </testcase>
        <testcase classname="test/commands/generate/default-route.test.ts" name="generate default-route &gt; static route type &gt; --static-path skips the interactive prompt and uses the flag value" time="0.4769794">
        </testcase>
        <testcase classname="test/commands/generate/default-route.test.ts" name="generate default-route &gt; static route type &gt; --type static without --static-path still prompts for the path interactively" time="0.4825962">
        </testcase>
        <testcase classname="test/commands/generate/default-route.test.ts" name="generate default-route &gt; static route type &gt; --type static --static-path is fully non-interactive" time="0.4618951">
        </testcase>
        <testcase classname="test/commands/generate/default-route.test.ts" name="generate default-route &gt; static route type &gt; defaults staticPath to &quot;public&quot; in the context even when static-route is not part of the selection" time="0.464843">
        </testcase>
        <testcase classname="test/commands/generate/default-route.test.ts" name="generate default-route &gt; mongodb detection for the ACL route &gt; sets features.mongodb to false when the project has no mongodb datastore" time="0.4631204">
        </testcase>
        <testcase classname="test/commands/generate/default-route.test.ts" name="generate default-route &gt; mongodb detection for the ACL route &gt; sets features.mongodb to true when the project has a mongodb datastore" time="0.4796764">
        </testcase>
        <testcase classname="test/commands/generate/default-route.test.ts" name="generate default-route &gt; mongodb detection for the ACL route &gt; reads datastores from the current working directory" time="0.4748325">
        </testcase>
        <testcase classname="test/commands/generate/default-route.test.ts" name="generate default-route &gt; author resolution &gt; uses the --author flag and skips inputAuthor entirely" time="0.5073261">
        </testcase>
        <testcase classname="test/commands/generate/default-route.test.ts" name="generate default-route &gt; author resolution &gt; calls inputAuthor with the project cwd and uses its return value" time="0.4951814">
        </testcase>
        <testcase classname="test/commands/generate/default-route.test.ts" name="generate default-route &gt; output and template options &gt; uses process.cwd() as the default output directory" time="0.4993842">
        </testcase>
        <testcase classname="test/commands/generate/default-route.test.ts" name="generate default-route &gt; output and template options &gt; uses --output-dir when provided" time="0.4789528">
        </testcase>
        <testcase classname="test/commands/generate/default-route.test.ts" name="generate default-route &gt; output and template options &gt; passes force: true to processTemplate when --force is set" time="0.4750139">
        </testcase>
        <testcase classname="test/commands/generate/default-route.test.ts" name="generate default-route &gt; output and template options &gt; points processTemplate at the default-route template directory" time="0.4856547">
        </testcase>
        <testcase classname="test/commands/generate/default-route.test.ts" name="generate default-route &gt; error handling &gt; propagates an error thrown by processTemplate" time="0.4800182">
        </testcase>
        <testcase classname="test/commands/generate/default-route.test.ts" name="generate default-route &gt; error handling &gt; falls back to String(err) when processTemplate rejects with a non-Error value" time="0.4871152">
        </testcase>
    </testsuite>
    <testsuite name="test/commands/generate/docker.test.ts" timestamp="2026-09-11T20:21:16.036Z" hostname="Jane" tests="25" failures="0" errors="0" skipped="0" time="12.7011861">
        <testcase classname="test/commands/generate/docker.test.ts" name="generate docker &gt; context building &gt; passes datastores from the project config into context" time="1.2760035">
        </testcase>
        <testcase classname="test/commands/generate/docker.test.ts" name="generate docker &gt; context building &gt; includes the current year in context" time="0.4993414">
        </testcase>
        <testcase classname="test/commands/generate/docker.test.ts" name="generate docker &gt; context building &gt; includes project_name from package.json in context" time="0.4499095">
        </testcase>
        <testcase classname="test/commands/generate/docker.test.ts" name="generate docker &gt; database boolean flags &gt; sets hasMongoDB true when any datastore type is mongodb" time="0.4690725">
        </testcase>
        <testcase classname="test/commands/generate/docker.test.ts" name="generate docker &gt; database boolean flags &gt; sets hasPostgres true when any datastore type is postgres" time="0.4552803">
        </testcase>
        <testcase classname="test/commands/generate/docker.test.ts" name="generate docker &gt; database boolean flags &gt; sets hasRedis true when any datastore type is redis" time="0.4681841">
        </testcase>
        <testcase classname="test/commands/generate/docker.test.ts" name="generate docker &gt; database boolean flags &gt; sets all boolean flags true when all three types are present" time="0.4810444">
        </testcase>
        <testcase classname="test/commands/generate/docker.test.ts" name="generate docker &gt; database boolean flags &gt; sets all boolean flags false when datastores is empty" time="0.4593325">
        </testcase>
        <testcase classname="test/commands/generate/docker.test.ts" name="generate docker &gt; database boolean flags &gt; ignores unknown datastore types for boolean flags" time="0.4545667">
        </testcase>
        <testcase classname="test/commands/generate/docker.test.ts" name="generate docker &gt; output and template options &gt; uses process.cwd() as the output directory when --output-dir is not set" time="0.4490958">
        </testcase>
        <testcase classname="test/commands/generate/docker.test.ts" name="generate docker &gt; output and template options &gt; uses --output-dir as the output directory and project source when provided" time="0.499096">
        </testcase>
        <testcase classname="test/commands/generate/docker.test.ts" name="generate docker &gt; output and template options &gt; points processTemplate at the docker template directory" time="0.4787419">
        </testcase>
        <testcase classname="test/commands/generate/docker.test.ts" name="generate docker &gt; output and template options &gt; passes force: true to processTemplate when --force is set" time="0.516327">
        </testcase>
        <testcase classname="test/commands/generate/docker.test.ts" name="generate docker &gt; output and template options &gt; passes projectDir: process.cwd() to processTemplate" time="0.4438836">
        </testcase>
        <testcase classname="test/commands/generate/docker.test.ts" name="generate docker &gt; output and template options &gt; calls readProjectDatastores with the current working directory" time="0.4417427">
        </testcase>
        <testcase classname="test/commands/generate/docker.test.ts" name="generate docker &gt; output and template options &gt; calls readProjectName with the current working directory" time="0.4570583">
        </testcase>
        <testcase classname="test/commands/generate/docker.test.ts" name="generate docker &gt; package manager context &gt; sets pkgMgr.npm true and pkgMgr.yarn false when detectPackageManager returns npm" time="0.5127985">
        </testcase>
        <testcase classname="test/commands/generate/docker.test.ts" name="generate docker &gt; package manager context &gt; sets pkgMgr.yarn true and pkgMgr.npm false when detectPackageManager returns yarn" time="0.4852445">
        </testcase>
        <testcase classname="test/commands/generate/docker.test.ts" name="generate docker &gt; package manager context &gt; calls detectPackageManager with the project cwd" time="0.4449514">
        </testcase>
        <testcase classname="test/commands/generate/docker.test.ts" name="generate docker &gt; react context &gt; sets hasReact from detectReact when --has-react is not passed (standalone usage)" time="0.4939998">
        </testcase>
        <testcase classname="test/commands/generate/docker.test.ts" name="generate docker &gt; react context &gt; sets hasReact true when --has-react is passed, overriding detectReact" time="0.4401089">
        </testcase>
        <testcase classname="test/commands/generate/docker.test.ts" name="generate docker &gt; react context &gt; sets hasReact false when --no-has-react is passed, overriding detectReact" time="0.4406293">
        </testcase>
        <testcase classname="test/commands/generate/docker.test.ts" name="generate docker &gt; react context &gt; calls detectReact with the project cwd" time="0.5197717">
        </testcase>
        <testcase classname="test/commands/generate/docker.test.ts" name="generate docker &gt; error handling &gt; propagates an error thrown by processTemplate" time="0.5861142">
        </testcase>
        <testcase classname="test/commands/generate/docker.test.ts" name="generate docker &gt; error handling &gt; falls back to String(err) when processTemplate rejects with a non-Error value" time="0.4771392">
        </testcase>
    </testsuite>
    <testsuite name="test/commands/generate/job.test.ts" timestamp="2026-09-11T20:21:16.038Z" hostname="Jane" tests="14" failures="0" errors="0" skipped="0" time="7.4574034">
        <testcase classname="test/commands/generate/job.test.ts" name="generate job &gt; context building &gt; builds the correct context from prompts and passes it to processTemplate" time="1.2917906">
        </testcase>
        <testcase classname="test/commands/generate/job.test.ts" name="generate job &gt; context building &gt; includes project_name from the project config in the context" time="0.4607899">
        </testcase>
        <testcase classname="test/commands/generate/job.test.ts" name="generate job &gt; flag shortcuts bypass prompts &gt; --description skips the description input prompt" time="0.5243731">
        </testcase>
        <testcase classname="test/commands/generate/job.test.ts" name="generate job &gt; flag shortcuts bypass prompts &gt; --schedule skips the schedule input prompt" time="0.4484527">
        </testcase>
        <testcase classname="test/commands/generate/job.test.ts" name="generate job &gt; flag shortcuts bypass prompts &gt; --author skips inputAuthor entirely" time="0.4633095">
        </testcase>
        <testcase classname="test/commands/generate/job.test.ts" name="generate job &gt; flag shortcuts bypass prompts &gt; skips all prompts when description, schedule, and author flags are all provided" time="0.4514435">
        </testcase>
        <testcase classname="test/commands/generate/job.test.ts" name="generate job &gt; author resolution &gt; calls inputAuthor with the project cwd and uses its return value" time="0.4990911">
        </testcase>
        <testcase classname="test/commands/generate/job.test.ts" name="generate job &gt; output and template options &gt; uses process.cwd() as the default output directory" time="0.4846612">
        </testcase>
        <testcase classname="test/commands/generate/job.test.ts" name="generate job &gt; output and template options &gt; uses --output-dir when provided" time="0.4557673">
        </testcase>
        <testcase classname="test/commands/generate/job.test.ts" name="generate job &gt; output and template options &gt; passes force: true to processTemplate when --force is set" time="0.4896669">
        </testcase>
        <testcase classname="test/commands/generate/job.test.ts" name="generate job &gt; output and template options &gt; passes projectDir: cwd to processTemplate" time="0.4457501">
        </testcase>
        <testcase classname="test/commands/generate/job.test.ts" name="generate job &gt; output and template options &gt; points processTemplate at the job template directory" time="0.4512747">
        </testcase>
        <testcase classname="test/commands/generate/job.test.ts" name="generate job &gt; error handling &gt; propagates an error thrown by processTemplate" time="0.4622113">
        </testcase>
        <testcase classname="test/commands/generate/job.test.ts" name="generate job &gt; error handling &gt; falls back to String(err) when processTemplate rejects with a non-Error value" time="0.5273062">
        </testcase>
    </testsuite>
    <testsuite name="test/commands/generate/k8s.test.ts" timestamp="2026-09-11T20:21:16.039Z" hostname="Jane" tests="18" failures="0" errors="0" skipped="0" time="9.479102">
        <testcase classname="test/commands/generate/k8s.test.ts" name="generate k8s &gt; context building &gt; passes datastores from the project config into context" time="1.2331192">
        </testcase>
        <testcase classname="test/commands/generate/k8s.test.ts" name="generate k8s &gt; context building &gt; includes the current year in context" time="0.4396061">
        </testcase>
        <testcase classname="test/commands/generate/k8s.test.ts" name="generate k8s &gt; context building &gt; includes project_name from package.json in context" time="0.4407688">
        </testcase>
        <testcase classname="test/commands/generate/k8s.test.ts" name="generate k8s &gt; database boolean flags &gt; sets hasMongoDB true when any datastore type is mongodb" time="0.510901">
        </testcase>
        <testcase classname="test/commands/generate/k8s.test.ts" name="generate k8s &gt; database boolean flags &gt; sets hasPostgres true when any datastore type is postgres" time="0.4773701">
        </testcase>
        <testcase classname="test/commands/generate/k8s.test.ts" name="generate k8s &gt; database boolean flags &gt; sets hasRedis true when any datastore type is redis" time="0.479153">
        </testcase>
        <testcase classname="test/commands/generate/k8s.test.ts" name="generate k8s &gt; database boolean flags &gt; sets all boolean flags true when all three types are present" time="0.4592637">
        </testcase>
        <testcase classname="test/commands/generate/k8s.test.ts" name="generate k8s &gt; database boolean flags &gt; sets all boolean flags false when datastores is empty" time="0.487592">
        </testcase>
        <testcase classname="test/commands/generate/k8s.test.ts" name="generate k8s &gt; database boolean flags &gt; ignores unknown datastore types for boolean flags" time="0.4934798">
        </testcase>
        <testcase classname="test/commands/generate/k8s.test.ts" name="generate k8s &gt; output and template options &gt; uses process.cwd() as the output directory when --output-dir is not set" time="0.4939686">
        </testcase>
        <testcase classname="test/commands/generate/k8s.test.ts" name="generate k8s &gt; output and template options &gt; uses --output-dir as the output directory and project source when provided" time="0.5453366">
        </testcase>
        <testcase classname="test/commands/generate/k8s.test.ts" name="generate k8s &gt; output and template options &gt; points processTemplate at the helm template directory" time="0.4719787">
        </testcase>
        <testcase classname="test/commands/generate/k8s.test.ts" name="generate k8s &gt; output and template options &gt; passes force: true to processTemplate when --force is set" time="0.4702397">
        </testcase>
        <testcase classname="test/commands/generate/k8s.test.ts" name="generate k8s &gt; output and template options &gt; passes projectDir: process.cwd() to processTemplate" time="0.4567149">
        </testcase>
        <testcase classname="test/commands/generate/k8s.test.ts" name="generate k8s &gt; output and template options &gt; calls readProjectDatastores with the current working directory" time="0.4884947">
        </testcase>
        <testcase classname="test/commands/generate/k8s.test.ts" name="generate k8s &gt; output and template options &gt; calls readProjectName with the current working directory" time="0.4778428">
        </testcase>
        <testcase classname="test/commands/generate/k8s.test.ts" name="generate k8s &gt; error handling &gt; propagates an error thrown by processTemplate" time="0.5226619">
        </testcase>
        <testcase classname="test/commands/generate/k8s.test.ts" name="generate k8s &gt; error handling &gt; falls back to String(err) when processTemplate rejects with a non-Error value" time="0.5289572">
        </testcase>
    </testsuite>
    <testsuite name="test/commands/generate/model.test.ts" timestamp="2026-09-11T20:21:16.041Z" hostname="Jane" tests="60" failures="0" errors="0" skipped="0" time="30.2999008">
        <testcase classname="test/commands/generate/model.test.ts" name="generate model &gt; context building &gt; builds the correct context from prompts and passes it to processTemplate" time="1.2695207">
        </testcase>
        <testcase classname="test/commands/generate/model.test.ts" name="generate model &gt; context building &gt; prompts for a cache TTL when --cache is omitted entirely and the user enables caching" time="0.4439095">
        </testcase>
        <testcase classname="test/commands/generate/model.test.ts" name="generate model &gt; context building &gt; includes protect: false when the protect prompt answers no" time="0.4457147">
        </testcase>
        <testcase classname="test/commands/generate/model.test.ts" name="generate model &gt; context building &gt; disables caching when the user declines the enable-caching prompt" time="0.5095173">
        </testcase>
        <testcase classname="test/commands/generate/model.test.ts" name="generate model &gt; context building &gt; sets isMongoDb true and other db booleans false when datastoreType is mongodb" time="0.4787854">
        </testcase>
        <testcase classname="test/commands/generate/model.test.ts" name="generate model &gt; context building &gt; sets isPostgreSql true when an existing datastore&apos;s type is &quot;postgres&quot; (TypeORM&apos;s own driver literal)" time="0.4901573">
        </testcase>
        <testcase classname="test/commands/generate/model.test.ts" name="generate model &gt; context building &gt; sets isSqlite true when an existing datastore&apos;s type is &quot;better-sqlite3&quot; (TypeORM&apos;s own driver literal)" time="0.4862733">
        </testcase>
        <testcase classname="test/commands/generate/model.test.ts" name="generate model &gt; context building &gt; sets isSqlite true for a brand new datastore (the &quot;Select database type&quot; prompt uses the friendly &quot;sqlite&quot; value)" time="0.4919868">
        </testcase>
        <testcase classname="test/commands/generate/model.test.ts" name="generate model &gt; context building &gt; sets isPostgreSql true for a brand new datastore (the &quot;Select database type&quot; prompt already uses TypeORM&apos;s &quot;postgres&quot; value)" time="0.4629212">
        </testcase>
        <testcase classname="test/commands/generate/model.test.ts" name="generate model &gt; context building &gt; includes project_name from package.json in the context" time="0.5791881">
        </testcase>
        <testcase classname="test/commands/generate/model.test.ts" name="generate model &gt; datastore selection — configured datastores present &gt; shows only non-acl datastores in the select choices, plus a new option" time="0.4579738">
        </testcase>
        <testcase classname="test/commands/generate/model.test.ts" name="generate model &gt; datastore selection — configured datastores present &gt; resolves datastoreType from the config list for the selected name" time="0.4508617">
        </testcase>
        <testcase classname="test/commands/generate/model.test.ts" name="generate model &gt; datastore selection — configured datastores present &gt; resolves an empty datastoreType when the selected name is not in the configured list" time="0.4794853">
        </testcase>
        <testcase classname="test/commands/generate/model.test.ts" name="generate model &gt; datastore selection — configured datastores present &gt; selecting &quot;+ New datastore...&quot; prompts for db type and uses it as both name and type" time="0.5050268">
        </testcase>
        <testcase classname="test/commands/generate/model.test.ts" name="generate model &gt; datastore selection — configured datastores present &gt; does not show the &quot;set up new database&quot; prompt when datastores are configured" time="0.4751058">
        </testcase>
        <testcase classname="test/commands/generate/model.test.ts" name="generate model &gt; datastore selection — no configured datastores &gt; asks to set up a new database and selects the type when the user says yes" time="0.497713">
        </testcase>
        <testcase classname="test/commands/generate/model.test.ts" name="generate model &gt; datastore selection — no configured datastores &gt; sets datastore and datastoreType to empty string when the user declines" time="0.666542">
        </testcase>
        <testcase classname="test/commands/generate/model.test.ts" name="generate model &gt; flag shortcuts bypass prompts &gt; --datastore skips the datastore select but still resolves datastoreType from config" time="0.4571891">
        </testcase>
        <testcase classname="test/commands/generate/model.test.ts" name="generate model &gt; flag shortcuts bypass prompts &gt; --datastore leaves datastoreType empty when the name is not in the project config" time="0.4365849">
        </testcase>
        <testcase classname="test/commands/generate/model.test.ts" name="generate model &gt; flag shortcuts bypass prompts &gt; --description skips the description input prompt" time="0.4718081">
        </testcase>
        <testcase classname="test/commands/generate/model.test.ts" name="generate model &gt; flag shortcuts bypass prompts &gt; --cache with a value overrides the default TTL and skips the cache prompt" time="0.46136">
        </testcase>
        <testcase classname="test/commands/generate/model.test.ts" name="generate model &gt; flag shortcuts bypass prompts &gt; --cache with no value defaults to &quot;60&quot; and skips the cache prompt" time="0.4715598">
        </testcase>
        <testcase classname="test/commands/generate/model.test.ts" name="generate model &gt; flag shortcuts bypass prompts &gt; --cache with no value still resolves to &quot;60&quot; when immediately followed by another flag" time="0.4811016">
        </testcase>
        <testcase classname="test/commands/generate/model.test.ts" name="generate model &gt; flag shortcuts bypass prompts &gt; explicitly setting --cache to an empty string still triggers the enable-caching prompt" time="0.4962896">
        </testcase>
        <testcase classname="test/commands/generate/model.test.ts" name="generate model &gt; flag shortcuts bypass prompts &gt; --protect skips the protect confirm prompt" time="0.5386821">
        </testcase>
        <testcase classname="test/commands/generate/model.test.ts" name="generate model &gt; flag shortcuts bypass prompts &gt; --author skips inputAuthor entirely" time="0.5630532">
        </testcase>
        <testcase classname="test/commands/generate/model.test.ts" name="generate model &gt; author resolution &gt; calls inputAuthor with the project cwd and uses its return value" time="0.4917739">
        </testcase>
        <testcase classname="test/commands/generate/model.test.ts" name="generate model &gt; output and template options &gt; uses process.cwd() as the default output directory" time="0.4990735">
        </testcase>
        <testcase classname="test/commands/generate/model.test.ts" name="generate model &gt; output and template options &gt; passes force: true to processTemplate when --force is set" time="0.4775946">
        </testcase>
        <testcase classname="test/commands/generate/model.test.ts" name="generate model &gt; output and template options &gt; points processTemplate at the model template directory" time="0.52485">
        </testcase>
        <testcase classname="test/commands/generate/model.test.ts" name="generate model &gt; docker and helm subcommands after new datastore &gt; does not call GenerateDocker or GenerateHelm when an existing datastore is selected" time="0.5127527">
        </testcase>
        <testcase classname="test/commands/generate/model.test.ts" name="generate model &gt; docker and helm subcommands after new datastore &gt; offers to update docker when a new datastore is added and docker-compose.yml exists" time="0.4579013">
        </testcase>
        <testcase classname="test/commands/generate/model.test.ts" name="generate model &gt; docker and helm subcommands after new datastore &gt; skips docker update when the user declines" time="0.5315204">
        </testcase>
        <testcase classname="test/commands/generate/model.test.ts" name="generate model &gt; docker and helm subcommands after new datastore &gt; offers to update helm when a new datastore is added and helm/Chart.yaml exists" time="0.484059">
        </testcase>
        <testcase classname="test/commands/generate/model.test.ts" name="generate model &gt; docker and helm subcommands after new datastore &gt; skips helm update when the user declines" time="0.5087415">
        </testcase>
        <testcase classname="test/commands/generate/model.test.ts" name="generate model &gt; docker and helm subcommands after new datastore &gt; offers to update both docker and helm when both exist for a new datastore" time="0.525542">
        </testcase>
        <testcase classname="test/commands/generate/model.test.ts" name="generate model &gt; property definitions — interactive prompt &gt; adds no properties by default (blank name ends the loop immediately)" time="0.4952453">
        </testcase>
        <testcase classname="test/commands/generate/model.test.ts" name="generate model &gt; property definitions — interactive prompt &gt; adds a single required property from the prompt loop" time="0.5232881">
        </testcase>
        <testcase classname="test/commands/generate/model.test.ts" name="generate model &gt; property definitions — interactive prompt &gt; adds an optional property and sets hasOptionalProperty" time="0.4590404">
        </testcase>
        <testcase classname="test/commands/generate/model.test.ts" name="generate model &gt; property definitions — interactive prompt &gt; falls back to a generic description when the property description prompt is left blank" time="0.4975801">
        </testcase>
        <testcase classname="test/commands/generate/model.test.ts" name="generate model &gt; property definitions — interactive prompt &gt; prompts for a custom type when &quot;Other…&quot; is chosen" time="0.4427985">
        </testcase>
        <testcase classname="test/commands/generate/model.test.ts" name="generate model &gt; property definitions — interactive prompt &gt; adds multiple properties across repeated loop iterations" time="0.4734729">
        </testcase>
        <testcase classname="test/commands/generate/model.test.ts" name="generate model &gt; property definitions — interactive prompt &gt; passes the already-added property names to the next property&apos;s name validator" time="0.5107494">
        </testcase>
        <testcase classname="test/commands/generate/model.test.ts" name="generate model &gt; property definitions — validate callback &gt; rejects an invalid identifier" time="0.4794795">
        </testcase>
        <testcase classname="test/commands/generate/model.test.ts" name="generate model &gt; property definitions — validate callback &gt; rejects a reserved base-entity field name (case-insensitively)" time="0.5454343">
        </testcase>
        <testcase classname="test/commands/generate/model.test.ts" name="generate model &gt; property definitions — validate callback &gt; accepts a valid, non-reserved, non-duplicate name" time="0.4850848">
        </testcase>
        <testcase classname="test/commands/generate/model.test.ts" name="generate model &gt; property definitions — validate callback &gt; treats a blank value as valid (it ends the loop, not a validation failure)" time="0.5437536">
        </testcase>
        <testcase classname="test/commands/generate/model.test.ts" name="generate model &gt; property definitions — --property flag (non-interactive) &gt; parses a single required property" time="0.5155262">
        </testcase>
        <testcase classname="test/commands/generate/model.test.ts" name="generate model &gt; property definitions — --property flag (non-interactive) &gt; parses an optional property (trailing ? on the type)" time="0.455752">
        </testcase>
        <testcase classname="test/commands/generate/model.test.ts" name="generate model &gt; property definitions — --property flag (non-interactive) &gt; parses multiple repeated --property flags" time="0.4832796">
        </testcase>
        <testcase classname="test/commands/generate/model.test.ts" name="generate model &gt; property definitions — --property flag (non-interactive) &gt; a non-optional custom type defaults to `undefined as any`, not a bare `undefined` (which would fail to type-check)" time="0.4748618">
        </testcase>
        <testcase classname="test/commands/generate/model.test.ts" name="generate model &gt; property definitions — --property flag (non-interactive) &gt; an optional custom type still defaults to bare `undefined` (its declared type already includes it)" time="0.4756312">
        </testcase>
        <testcase classname="test/commands/generate/model.test.ts" name="generate model &gt; property definitions — --property flag (non-interactive) &gt; skips the interactive property loop entirely when --property is passed" time="0.4653756">
        </testcase>
        <testcase classname="test/commands/generate/model.test.ts" name="generate model &gt; property definitions — --property flag (non-interactive) &gt; errors on a malformed --property value with no colon" time="0.5804589">
        </testcase>
        <testcase classname="test/commands/generate/model.test.ts" name="generate model &gt; property definitions — --property flag (non-interactive) &gt; errors on a --property value with an invalid identifier name" time="0.4849385">
        </testcase>
        <testcase classname="test/commands/generate/model.test.ts" name="generate model &gt; property definitions — --property flag (non-interactive) &gt; errors on a --property value colliding with a reserved base-entity field" time="0.4957118">
        </testcase>
        <testcase classname="test/commands/generate/model.test.ts" name="generate model &gt; property definitions — --property flag (non-interactive) &gt; errors on two --property flags with the same name" time="0.4475128">
        </testcase>
        <testcase classname="test/commands/generate/model.test.ts" name="generate model &gt; property definitions — --property flag (non-interactive) &gt; errors on a --property value with no type after the colon" time="0.4523557">
        </testcase>
        <testcase classname="test/commands/generate/model.test.ts" name="generate model &gt; error handling &gt; propagates an error thrown by processTemplate" time="0.4651344">
        </testcase>
        <testcase classname="test/commands/generate/model.test.ts" name="generate model &gt; error handling &gt; falls back to String(err) when processTemplate rejects with a non-Error value" time="0.4630467">
        </testcase>
    </testsuite>
    <testsuite name="test/commands/generate/react-page.test.ts" timestamp="2026-09-11T20:21:16.047Z" hostname="Jane" tests="16" failures="0" errors="0" skipped="0" time="8.8104275">
        <testcase classname="test/commands/generate/react-page.test.ts" name="generate react-page &gt; context building &gt; builds the correct context from prompts and passes it to processTemplate" time="1.3788484">
        </testcase>
        <testcase classname="test/commands/generate/react-page.test.ts" name="generate react-page &gt; context building &gt; includes service: false when the service prompt answers no" time="0.4646677">
        </testcase>
        <testcase classname="test/commands/generate/react-page.test.ts" name="generate react-page &gt; context building &gt; includes project_name from the project config in the context" time="0.4679284">
        </testcase>
        <testcase classname="test/commands/generate/react-page.test.ts" name="generate react-page &gt; className derivation from a (possibly nested) page path &gt; keeps name as the raw path but PascalCases className for a nested path" time="0.4628285">
        </testcase>
        <testcase classname="test/commands/generate/react-page.test.ts" name="generate react-page &gt; className derivation from a (possibly nested) page path &gt; capitalizes a single lowercase segment" time="0.4897406">
        </testcase>
        <testcase classname="test/commands/generate/react-page.test.ts" name="generate react-page &gt; className derivation from a (possibly nested) page path &gt; joins hyphen- and underscore-separated words within a segment" time="0.5547064">
        </testcase>
        <testcase classname="test/commands/generate/react-page.test.ts" name="generate react-page &gt; flag shortcuts bypass prompts &gt; --service skips the service confirm prompt" time="0.4685552">
        </testcase>
        <testcase classname="test/commands/generate/react-page.test.ts" name="generate react-page &gt; flag shortcuts bypass prompts &gt; --author skips inputAuthor entirely" time="0.4877792">
        </testcase>
        <testcase classname="test/commands/generate/react-page.test.ts" name="generate react-page &gt; author resolution &gt; calls inputAuthor with the project cwd and uses its return value" time="0.4721993">
        </testcase>
        <testcase classname="test/commands/generate/react-page.test.ts" name="generate react-page &gt; output and template options &gt; uses process.cwd() as the default output directory" time="0.4971988">
        </testcase>
        <testcase classname="test/commands/generate/react-page.test.ts" name="generate react-page &gt; output and template options &gt; uses --output-dir when provided" time="0.6028214">
        </testcase>
        <testcase classname="test/commands/generate/react-page.test.ts" name="generate react-page &gt; output and template options &gt; passes force: true to processTemplate when --force is set" time="0.4480752">
        </testcase>
        <testcase classname="test/commands/generate/react-page.test.ts" name="generate react-page &gt; output and template options &gt; passes projectDir: process.cwd() to processTemplate" time="0.6322291">
        </testcase>
        <testcase classname="test/commands/generate/react-page.test.ts" name="generate react-page &gt; output and template options &gt; points processTemplate at the react-page template directory" time="0.4737372">
        </testcase>
        <testcase classname="test/commands/generate/react-page.test.ts" name="generate react-page &gt; error handling &gt; propagates an error thrown by processTemplate" time="0.4576585">
        </testcase>
        <testcase classname="test/commands/generate/react-page.test.ts" name="generate react-page &gt; error handling &gt; falls back to String(err) when processTemplate rejects with a non-Error value" time="0.4497221">
        </testcase>
    </testsuite>
    <testsuite name="test/commands/generate/react.test.ts" timestamp="2026-09-11T20:21:16.048Z" hostname="Jane" tests="27" failures="0" errors="0" skipped="0" time="14.3844546">
        <testcase classname="test/commands/generate/react.test.ts" name="generate react &gt; context building &gt; builds the correct context from prompts and passes it to processTemplate" time="1.9933312">
        </testcase>
        <testcase classname="test/commands/generate/react.test.ts" name="generate react &gt; context building &gt; includes hydrate: false when the hydrate select answers no" time="0.4332234">
        </testcase>
        <testcase classname="test/commands/generate/react.test.ts" name="generate react &gt; context building &gt; includes project_name from package.json in the context" time="0.4944506">
        </testcase>
        <testcase classname="test/commands/generate/react.test.ts" name="generate react &gt; context building &gt; uses the app name as the default suggestion for the path prompt" time="0.4496685">
        </testcase>
        <testcase classname="test/commands/generate/react.test.ts" name="generate react &gt; flag shortcuts bypass prompts &gt; --path skips the path input prompt" time="0.4549135">
        </testcase>
        <testcase classname="test/commands/generate/react.test.ts" name="generate react &gt; flag shortcuts bypass prompts &gt; --hydrate skips the hydrate confirm prompt" time="0.4496907">
        </testcase>
        <testcase classname="test/commands/generate/react.test.ts" name="generate react &gt; flag shortcuts bypass prompts &gt; --author skips inputAuthor entirely" time="0.4399277">
        </testcase>
        <testcase classname="test/commands/generate/react.test.ts" name="generate react &gt; author resolution &gt; calls inputAuthor with the project cwd and uses its return value" time="0.4686534">
        </testcase>
        <testcase classname="test/commands/generate/react.test.ts" name="generate react &gt; output and template options &gt; uses the project root as the default output directory" time="0.4620062">
        </testcase>
        <testcase classname="test/commands/generate/react.test.ts" name="generate react &gt; output and template options &gt; passes force: true to processTemplate when --force is set" time="0.5606795">
        </testcase>
        <testcase classname="test/commands/generate/react.test.ts" name="generate react &gt; output and template options &gt; passes projectDir: process.cwd() to processTemplate" time="0.4707161">
        </testcase>
        <testcase classname="test/commands/generate/react.test.ts" name="generate react &gt; output and template options &gt; points processTemplate at the react template directory" time="0.4726887">
        </testcase>
        <testcase classname="test/commands/generate/react.test.ts" name="generate react &gt; vite.config.ts / tsconfig.client.json generation &gt; writes a single-app vite.config.ts when this is the only app" time="0.4393047">
        </testcase>
        <testcase classname="test/commands/generate/react.test.ts" name="generate react &gt; vite.config.ts / tsconfig.client.json generation &gt; writes an array-form vite.config.ts covering every existing app plus the new one" time="0.4625759">
        </testcase>
        <testcase classname="test/commands/generate/react.test.ts" name="generate react &gt; vite.config.ts / tsconfig.client.json generation &gt; writes tsconfig.client.json with a broad &quot;apps&quot; include" time="0.5080412">
        </testcase>
        <testcase classname="test/commands/generate/react.test.ts" name="generate react &gt; src/export.ts generation &gt; uses the flat appDir/routePrefix form when this is the only app" time="0.4601996">
        </testcase>
        <testcase classname="test/commands/generate/react.test.ts" name="generate react &gt; src/export.ts generation &gt; uses &quot;&quot; instead of &quot;/&quot; for a single app mounted at the site root" time="0.4713641">
        </testcase>
        <testcase classname="test/commands/generate/react.test.ts" name="generate react &gt; src/export.ts generation &gt; switches to the multi-app `apps` array form covering every existing app plus the new one" time="0.490136">
        </testcase>
        <testcase classname="test/commands/generate/react.test.ts" name="generate react &gt; src/export.ts generation &gt; substitutes the author and year into the copyright header" time="0.4678626">
        </testcase>
        <testcase classname="test/commands/generate/react.test.ts" name="generate react &gt; src/export.ts generation &gt; calls process.exit(0) after a successful export, so the process doesn&apos;t hang" time="0.4867716">
        </testcase>
        <testcase classname="test/commands/generate/react.test.ts" name="generate react &gt; single-app to multi-app migration &gt; does not migrate anything when no existing app uses the old layout" time="0.462265">
        </testcase>
        <testcase classname="test/commands/generate/react.test.ts" name="generate react &gt; single-app to multi-app migration &gt; migrates an app still on the old (non-namespaced) layout to apps/&lt;name&gt;/" time="0.4577356">
        </testcase>
        <testcase classname="test/commands/generate/react.test.ts" name="generate react &gt; single-app to multi-app migration &gt; re-reads existing apps after migrating, so vite.config.ts uses the migrated appDir" time="0.4665084">
        </testcase>
        <testcase classname="test/commands/generate/react.test.ts" name="generate react &gt; single-app to multi-app migration &gt; does not call findExistingReactApps a second time when no migration was needed" time="0.5239975">
        </testcase>
        <testcase classname="test/commands/generate/react.test.ts" name="generate react &gt; single-app to multi-app migration &gt; logs a migration message for each migrated app" time="0.56691">
        </testcase>
        <testcase classname="test/commands/generate/react.test.ts" name="generate react &gt; error handling &gt; propagates an error thrown by processTemplate" time="0.4635678">
        </testcase>
        <testcase classname="test/commands/generate/react.test.ts" name="generate react &gt; error handling &gt; falls back to String(err) when processTemplate rejects with a non-Error value" time="0.5051832">
        </testcase>
    </testsuite>
    <testsuite name="test/commands/generate/route.test.ts" timestamp="2026-09-11T20:21:16.051Z" hostname="Jane" tests="28" failures="0" errors="0" skipped="0" time="15.3378004">
        <testcase classname="test/commands/generate/route.test.ts" name="generate route &gt; context building &gt; builds the correct context from prompts and passes it to processTemplate" time="1.2600179">
        </testcase>
        <testcase classname="test/commands/generate/route.test.ts" name="generate route &gt; context building &gt; resolves datastoreType from the model&apos;s @DataStore decorator via the project config" time="0.4796014">
        </testcase>
        <testcase classname="test/commands/generate/route.test.ts" name="generate route &gt; context building &gt; leaves datastoreType empty when the model&apos;s datastore is not in the project config" time="0.52809">
        </testcase>
        <testcase classname="test/commands/generate/route.test.ts" name="generate route &gt; context building &gt; sets hasRedis true when a redis datastore is configured alongside the model datastore" time="0.4946608">
        </testcase>
        <testcase classname="test/commands/generate/route.test.ts" name="generate route &gt; context building &gt; sets datastore and datastoreType to empty when model is &quot;(none)&quot;" time="0.632099">
        </testcase>
        <testcase classname="test/commands/generate/route.test.ts" name="generate route &gt; context building &gt; leaves datastoreType empty when the model has no @DataStore decorator" time="0.4580347">
        </testcase>
        <testcase classname="test/commands/generate/route.test.ts" name="generate route &gt; context building &gt; picks the first property found on the model as the example update target" time="0.4606732">
        </testcase>
        <testcase classname="test/commands/generate/route.test.ts" name="generate route &gt; context building &gt; falls back to a &quot;name&quot; string property when the model has no readable properties" time="0.4802772">
        </testcase>
        <testcase classname="test/commands/generate/route.test.ts" name="generate route &gt; context building &gt; does not read model properties when no model is selected" time="0.4657117">
        </testcase>
        <testcase classname="test/commands/generate/route.test.ts" name="generate route &gt; api flag &gt; sets apiRoute: false and apiVersion: undefined when the &quot;Is this an API route?&quot; prompt is declined" time="0.5534932">
        </testcase>
        <testcase classname="test/commands/generate/route.test.ts" name="generate route &gt; api flag &gt; sets apiRoute: true and apiVersion from the follow-up prompt when confirmed" time="0.573499">
        </testcase>
        <testcase classname="test/commands/generate/route.test.ts" name="generate route &gt; api flag &gt; --api with a value skips both the confirm and version prompts" time="0.6124333">
        </testcase>
        <testcase classname="test/commands/generate/route.test.ts" name="generate route &gt; api flag &gt; --api with an empty string still triggers the &quot;Is this an API route?&quot; prompt, but apiRoute stays true since the flag was passed" time="0.4980006">
        </testcase>
        <testcase classname="test/commands/generate/route.test.ts" name="generate route &gt; model selection &gt; shows a select with &quot;(none)&quot;, project models, and a &quot;+ New model...&quot; option" time="0.6154379">
        </testcase>
        <testcase classname="test/commands/generate/route.test.ts" name="generate route &gt; model selection &gt; runs generate model inline when &quot;+ New model...&quot; is selected and uses the newly created model" time="0.4626948">
        </testcase>
        <testcase classname="test/commands/generate/route.test.ts" name="generate route &gt; model selection &gt; falls back to an empty model name when no new model is detected after generate model runs" time="0.5890347">
        </testcase>
        <testcase classname="test/commands/generate/route.test.ts" name="generate route &gt; model selection &gt; falls back to a free-form input when no models exist in the project" time="0.5997707">
        </testcase>
        <testcase classname="test/commands/generate/route.test.ts" name="generate route &gt; model selection &gt; --no-model skips all model prompts and leaves model undefined in context" time="0.4730739">
        </testcase>
        <testcase classname="test/commands/generate/route.test.ts" name="generate route &gt; flag shortcuts bypass prompts &gt; --model skips the model select and resolves datastore from the named model file" time="0.4975425">
        </testcase>
        <testcase classname="test/commands/generate/route.test.ts" name="generate route &gt; flag shortcuts bypass prompts &gt; --description skips the description input prompt" time="0.4704595">
        </testcase>
        <testcase classname="test/commands/generate/route.test.ts" name="generate route &gt; flag shortcuts bypass prompts &gt; --path skips the route path input prompt" time="0.5682698">
        </testcase>
        <testcase classname="test/commands/generate/route.test.ts" name="generate route &gt; flag shortcuts bypass prompts &gt; --protect skips the protect confirm prompt" time="0.5342782">
        </testcase>
        <testcase classname="test/commands/generate/route.test.ts" name="generate route &gt; flag shortcuts bypass prompts &gt; --author skips inputAuthor entirely" time="0.5300101">
        </testcase>
        <testcase classname="test/commands/generate/route.test.ts" name="generate route &gt; author resolution &gt; calls inputAuthor with the project cwd and uses its return value" time="0.4926054">
        </testcase>
        <testcase classname="test/commands/generate/route.test.ts" name="generate route &gt; output and template options &gt; uses project root as the default output directory for the route file" time="0.47974">
        </testcase>
        <testcase classname="test/commands/generate/route.test.ts" name="generate route &gt; output and template options &gt; passes force: true to both processTemplate calls when --force is set" time="0.4517957">
        </testcase>
        <testcase classname="test/commands/generate/route.test.ts" name="generate route &gt; error handling &gt; propagates an error thrown by processTemplate" time="0.5443349">
        </testcase>
        <testcase classname="test/commands/generate/route.test.ts" name="generate route &gt; error handling &gt; falls back to String(err) when processTemplate rejects with a non-Error value" time="0.5302784">
        </testcase>
    </testsuite>
    <testsuite name="test/commands/generate/server.test.ts" timestamp="2026-09-11T20:21:16.053Z" hostname="Jane" tests="72" failures="0" errors="0" skipped="0" time="37.7634437">
        <testcase classname="test/commands/generate/server.test.ts" name="generate server &gt; builds the correct base context from prompts" time="1.302756">
        </testcase>
        <testcase classname="test/commands/generate/server.test.ts" name="generate server &gt; maps selected database and feature choices to boolean flags on context.features" time="0.4936077">
        </testcase>
        <testcase classname="test/commands/generate/server.test.ts" name="generate server &gt; sets hasDatabase true when any persistent store is selected" time="1.474386">
        </testcase>
        <testcase classname="test/commands/generate/server.test.ts" name="generate server &gt; sets hasDatabase false when only non-persistent features are selected" time="0.4390929">
        </testcase>
        <testcase classname="test/commands/generate/server.test.ts" name="generate server &gt; sets hasSqlDatastore true when postgresql or sqlite is selected" time="1.0882662">
        </testcase>
        <testcase classname="test/commands/generate/server.test.ts" name="generate server &gt; sets hasSqlDatastore false when mongodb or redis is selected without a SQL store" time="0.4451758">
        </testcase>
        <testcase classname="test/commands/generate/server.test.ts" name="generate server &gt; maps the SCM choice to a boolean map on context.scm" time="0.4315055">
        </testcase>
        <testcase classname="test/commands/generate/server.test.ts" name="generate server &gt; sets scm.git and scm.gitlab true when scm is &quot;gitlab&quot;" time="0.4347779">
        </testcase>
        <testcase classname="test/commands/generate/server.test.ts" name="generate server &gt; maps the package manager choice to a boolean map on context.pkgMgr" time="0.4448627">
        </testcase>
        <testcase classname="test/commands/generate/server.test.ts" name="generate server &gt; uses ./&lt;name&gt; as the default output directory" time="0.4514422">
        </testcase>
        <testcase classname="test/commands/generate/server.test.ts" name="generate server &gt; uses --output-dir when provided" time="0.4412274">
        </testcase>
        <testcase classname="test/commands/generate/server.test.ts" name="generate server &gt; points processTemplate at the server template directory" time="0.4268487">
        </testcase>
        <testcase classname="test/commands/generate/server.test.ts" name="generate server &gt; passes force: true when --force is set" time="0.435561">
        </testcase>
        <testcase classname="test/commands/generate/server.test.ts" name="generate server &gt; api flag &gt; sets apiRoute: false and apiVersion: undefined when the api prefix prompt is declined" time="0.5588871">
        </testcase>
        <testcase classname="test/commands/generate/server.test.ts" name="generate server &gt; api flag &gt; sets apiRoute: true and apiVersion from the follow-up prompt when confirmed" time="0.5231418">
        </testcase>
        <testcase classname="test/commands/generate/server.test.ts" name="generate server &gt; default routes subcommand &gt; does not call GenerateDefaultRoute when no route-* features are selected" time="0.4397925">
        </testcase>
        <testcase classname="test/commands/generate/server.test.ts" name="generate server &gt; default routes subcommand &gt; calls GenerateDefaultRoute once with a --type per selected route-* feature" time="0.4526208">
        </testcase>
        <testcase classname="test/commands/generate/server.test.ts" name="generate server &gt; default routes subcommand &gt; passes --force to GenerateDefaultRoute when --force is set on the server command" time="0.4621073">
        </testcase>
        <testcase classname="test/commands/generate/server.test.ts" name="generate server &gt; default routes subcommand &gt; passes --api-route --api to GenerateDefaultRoute when the api prefix prompt was confirmed" time="0.5142819">
        </testcase>
        <testcase classname="test/commands/generate/server.test.ts" name="generate server &gt; default routes subcommand &gt; passes --no-api-route to GenerateDefaultRoute when the api prefix prompt was declined" time="0.5208291">
        </testcase>
        <testcase classname="test/commands/generate/server.test.ts" name="generate server &gt; default routes subcommand &gt; uses the default output directory (./&lt;name&gt;) when --output-dir is not set" time="0.4527186">
        </testcase>
        <testcase classname="test/commands/generate/server.test.ts" name="generate server &gt; author resolution &gt; calls inputAuthor and uses its return value as the author" time="0.5011483">
        </testcase>
        <testcase classname="test/commands/generate/server.test.ts" name="generate server &gt; author resolution &gt; --author skips inputAuthor and uses the flag value" time="0.5089838">
        </testcase>
        <testcase classname="test/commands/generate/server.test.ts" name="generate server &gt; author resolution &gt; passes the resolved author through to GenerateDefaultRoute for selected route-* features" time="0.5837523">
        </testcase>
        <testcase classname="test/commands/generate/server.test.ts" name="generate server &gt; docker subcommand &gt; runs GenerateDocker with --output-dir after server generation when docker is selected" time="0.5362687">
        </testcase>
        <testcase classname="test/commands/generate/server.test.ts" name="generate server &gt; docker subcommand &gt; does not run GenerateDocker when docker is not selected" time="0.5017738">
        </testcase>
        <testcase classname="test/commands/generate/server.test.ts" name="generate server &gt; docker subcommand &gt; passes --force to GenerateDocker when --force is set on the server command" time="0.476738">
        </testcase>
        <testcase classname="test/commands/generate/server.test.ts" name="generate server &gt; docker subcommand &gt; uses the default output directory (./&lt;name&gt;) when --output-dir is not set" time="0.4732113">
        </testcase>
        <testcase classname="test/commands/generate/server.test.ts" name="generate server &gt; docker subcommand &gt; passes --has-react to GenerateDocker when react is also selected" time="0.4869388">
        </testcase>
        <testcase classname="test/commands/generate/server.test.ts" name="generate server &gt; helm subcommand &gt; runs GenerateHelm with --output-dir after server generation when k8s is selected" time="0.4757112">
        </testcase>
        <testcase classname="test/commands/generate/server.test.ts" name="generate server &gt; helm subcommand &gt; does not run GenerateHelm when k8s is not selected" time="0.4594287">
        </testcase>
        <testcase classname="test/commands/generate/server.test.ts" name="generate server &gt; helm subcommand &gt; passes --force to GenerateHelm when --force is set on the server command" time="0.4736215">
        </testcase>
        <testcase classname="test/commands/generate/server.test.ts" name="generate server &gt; helm subcommand &gt; uses the default output directory (./&lt;name&gt;) when --output-dir is not set" time="0.4872878">
        </testcase>
        <testcase classname="test/commands/generate/server.test.ts" name="generate server &gt; helm subcommand &gt; runs both GenerateDocker and GenerateHelm when both features are selected" time="0.4864891">
        </testcase>
        <testcase classname="test/commands/generate/server.test.ts" name="generate server &gt; react subcommand &gt; runs GenerateReact with --output-dir after server generation when react is selected" time="0.5878117">
        </testcase>
        <testcase classname="test/commands/generate/server.test.ts" name="generate server &gt; react subcommand &gt; does not run GenerateReact when react is not selected" time="0.5014504">
        </testcase>
        <testcase classname="test/commands/generate/server.test.ts" name="generate server &gt; react subcommand &gt; passes --force to GenerateReact when --force is set on the server command" time="0.4733997">
        </testcase>
        <testcase classname="test/commands/generate/server.test.ts" name="generate server &gt; react subcommand &gt; uses the default output directory (./&lt;name&gt;) when --output-dir is not set" time="0.4848656">
        </testcase>
        <testcase classname="test/commands/generate/server.test.ts" name="generate server &gt; react subcommand &gt; runs docker, helm, react, and default-route subcommands when all are selected" time="0.486424">
        </testcase>
        <testcase classname="test/commands/generate/server.test.ts" name="generate server &gt; non-interactive flags &gt; --description skips the description prompt" time="0.4864539">
        </testcase>
        <testcase classname="test/commands/generate/server.test.ts" name="generate server &gt; non-interactive flags &gt; --pkg-manager skips the package manager select" time="0.4864326">
        </testcase>
        <testcase classname="test/commands/generate/server.test.ts" name="generate server &gt; non-interactive flags &gt; rejects an invalid --pkg-manager value" time="0.5781089">
        </testcase>
        <testcase classname="test/commands/generate/server.test.ts" name="generate server &gt; non-interactive flags &gt; --db skips the database checkbox" time="0.4994034">
        </testcase>
        <testcase classname="test/commands/generate/server.test.ts" name="generate server &gt; non-interactive flags &gt; rejects an invalid --db value" time="0.605181">
        </testcase>
        <testcase classname="test/commands/generate/server.test.ts" name="generate server &gt; non-interactive flags &gt; pluralizes the error message when multiple invalid --db values are given" time="0.5202809">
        </testcase>
        <testcase classname="test/commands/generate/server.test.ts" name="generate server &gt; non-interactive flags &gt; grouped feature flags (route/react/docker/k8s) &gt; skips the &quot;additional features&quot; checkbox entirely when any one of the four flags is present" time="0.5812953">
        </testcase>
        <testcase classname="test/commands/generate/server.test.ts" name="generate server &gt; non-interactive flags &gt; grouped feature flags (route/react/docker/k8s) &gt; --route sets the selected routes and defaults react/k8s off, docker on" time="0.4712368">
        </testcase>
        <testcase classname="test/commands/generate/server.test.ts" name="generate server &gt; non-interactive flags &gt; grouped feature flags (route/react/docker/k8s) &gt; rejects an invalid --route value" time="0.463979">
        </testcase>
        <testcase classname="test/commands/generate/server.test.ts" name="generate server &gt; non-interactive flags &gt; grouped feature flags (route/react/docker/k8s) &gt; --react alone defaults route to empty and docker to true (the checkbox default)" time="0.465247">
        </testcase>
        <testcase classname="test/commands/generate/server.test.ts" name="generate server &gt; non-interactive flags &gt; grouped feature flags (route/react/docker/k8s) &gt; --no-docker explicitly turns docker off instead of using its default-true fallback" time="0.4945814">
        </testcase>
        <testcase classname="test/commands/generate/server.test.ts" name="generate server &gt; non-interactive flags &gt; grouped feature flags (route/react/docker/k8s) &gt; --k8s alone enables k8s and still defaults docker to true" time="0.4793529">
        </testcase>
        <testcase classname="test/commands/generate/server.test.ts" name="generate server &gt; non-interactive flags &gt; --api-route / --api-version &gt; --api-route with --api-version sets both without prompting" time="0.5183782">
        </testcase>
        <testcase classname="test/commands/generate/server.test.ts" name="generate server &gt; non-interactive flags &gt; --api-route / --api-version &gt; --api-route without --api-version resolves to an empty-string version (no version segment)" time="0.5165201">
        </testcase>
        <testcase classname="test/commands/generate/server.test.ts" name="generate server &gt; non-interactive flags &gt; --api-route / --api-version &gt; --no-api-route sets apiRoute false without prompting, even though api-version was not given" time="0.516342">
        </testcase>
        <testcase classname="test/commands/generate/server.test.ts" name="generate server &gt; non-interactive flags &gt; --scm skips the SCM select" time="0.505213">
        </testcase>
        <testcase classname="test/commands/generate/server.test.ts" name="generate server &gt; non-interactive flags &gt; --scm none maps to an empty repository/scm prefix, matching the interactive &quot;(none)&quot; choice" time="0.5176363">
        </testcase>
        <testcase classname="test/commands/generate/server.test.ts" name="generate server &gt; non-interactive flags &gt; rejects an invalid --scm value" time="0.4842761">
        </testcase>
        <testcase classname="test/commands/generate/server.test.ts" name="generate server &gt; --answers file &gt; applies every field from the file without prompting for any of them" time="0.4601609">
        </testcase>
        <testcase classname="test/commands/generate/server.test.ts" name="generate server &gt; --answers file &gt; an explicit flag overrides the same field in the answers file" time="0.4936418">
        </testcase>
        <testcase classname="test/commands/generate/server.test.ts" name="generate server &gt; --answers file &gt; falls through to the interactive prompt for any field the file omits" time="0.4706753">
        </testcase>
        <testcase classname="test/commands/generate/server.test.ts" name="generate server &gt; --answers file &gt; a db/route array in the file is treated the same as the flag being present (skips the checkbox)" time="0.4906451">
        </testcase>
        <testcase classname="test/commands/generate/server.test.ts" name="generate server &gt; --answers file &gt; errors clearly when the file does not exist" time="0.5854087">
        </testcase>
        <testcase classname="test/commands/generate/server.test.ts" name="generate server &gt; --answers file &gt; errors clearly on invalid JSON" time="0.4823004">
        </testcase>
        <testcase classname="test/commands/generate/server.test.ts" name="generate server &gt; --answers file &gt; errors clearly when the file is valid JSON but not an object (e.g. an array)" time="0.4738717">
        </testcase>
        <testcase classname="test/commands/generate/server.test.ts" name="generate server &gt; --answers file &gt; errors clearly when a string field has the wrong type" time="0.4907637">
        </testcase>
        <testcase classname="test/commands/generate/server.test.ts" name="generate server &gt; --answers file &gt; errors clearly when an array field has the wrong type" time="0.4823285">
        </testcase>
        <testcase classname="test/commands/generate/server.test.ts" name="generate server &gt; --answers file &gt; errors clearly when an array field contains a non-string element" time="0.4704047">
        </testcase>
        <testcase classname="test/commands/generate/server.test.ts" name="generate server &gt; --answers file &gt; errors clearly when a boolean field has the wrong type" time="0.4816346">
        </testcase>
        <testcase classname="test/commands/generate/server.test.ts" name="generate server &gt; --answers file &gt; validates an enum value sourced from the file the same way as from a flag" time="0.4854855">
        </testcase>
        <testcase classname="test/commands/generate/server.test.ts" name="generate server &gt; --answers file &gt; ignores unknown keys in the file rather than rejecting them" time="0.4690347">
        </testcase>
        <testcase classname="test/commands/generate/server.test.ts" name="generate server &gt; error handling &gt; propagates an error thrown by processTemplate" time="0.5316593">
        </testcase>
        <testcase classname="test/commands/generate/server.test.ts" name="generate server &gt; error handling &gt; falls back to String(err) when processTemplate rejects with a non-Error value" time="0.4836365">
        </testcase>
    </testsuite>
    <testsuite name="test/commands/react/export.test.ts" timestamp="2026-09-11T20:21:16.059Z" hostname="Jane" tests="32" failures="0" errors="0" skipped="0" time="15.3512337">
        <testcase classname="test/commands/react/export.test.ts" name="react export &gt; React detection &gt; errors when no React app is detected, without starting databases or spawning anything" time="1.2575082">
        </testcase>
        <testcase classname="test/commands/react/export.test.ts" name="react export &gt; React detection &gt; proceeds when a React app is detected" time="0.4599712">
        </testcase>
        <testcase classname="test/commands/react/export.test.ts" name="react export &gt; rapidreact delegation &gt; spawns rapidreact from the project node_modules/.bin with the &quot;export&quot; argument" time="0.4513778">
        </testcase>
        <testcase classname="test/commands/react/export.test.ts" name="react export &gt; rapidreact delegation &gt; runs with the project cwd and inherited stdio" time="0.4502962">
        </testcase>
        <testcase classname="test/commands/react/export.test.ts" name="react export &gt; rapidreact delegation &gt; includes project node_modules/.bin in PATH" time="0.4658514">
        </testcase>
        <testcase classname="test/commands/react/export.test.ts" name="react export &gt; rapidreact delegation &gt; passes db env vars into the rapidreact process environment" time="0.4731159">
        </testcase>
        <testcase classname="test/commands/react/export.test.ts" name="react export &gt; database lifecycle &gt; calls detectDatabases before spawning" time="0.4569193">
        </testcase>
        <testcase classname="test/commands/react/export.test.ts" name="react export &gt; database lifecycle &gt; passes the detected config to startDatabases" time="0.4638566">
        </testcase>
        <testcase classname="test/commands/react/export.test.ts" name="react export &gt; database lifecycle &gt; calls server.stop() on each started database after a successful export" time="0.4678315">
        </testcase>
        <testcase classname="test/commands/react/export.test.ts" name="react export &gt; database lifecycle &gt; calls server.stop() on each started database when the export process fails" time="0.4988455">
        </testcase>
        <testcase classname="test/commands/react/export.test.ts" name="react export &gt; database lifecycle &gt; calls server.stop() on each started database when the explicit --port is already in use" time="0.463011">
        </testcase>
        <testcase classname="test/commands/react/export.test.ts" name="react export &gt; port detection &gt; defaults to port 3000 and passes it to findAvailablePort" time="0.5603149">
        </testcase>
        <testcase classname="test/commands/react/export.test.ts" name="react export &gt; port detection &gt; passes the port through to the rapidreact process env when free" time="0.6193661">
        </testcase>
        <testcase classname="test/commands/react/export.test.ts" name="react export &gt; port detection &gt; uses --port as the preferred base port" time="0.4803323">
        </testcase>
        <testcase classname="test/commands/react/export.test.ts" name="react export &gt; port detection &gt; falls back to the port returned by findAvailablePort when the preferred one is occupied" time="0.4848724">
        </testcase>
        <testcase classname="test/commands/react/export.test.ts" name="react export &gt; port detection &gt; warns when falling back to a different port" time="0.4555985">
        </testcase>
        <testcase classname="test/commands/react/export.test.ts" name="react export &gt; port detection &gt; does not warn when the preferred port is free" time="0.4799405">
        </testcase>
        <testcase classname="test/commands/react/export.test.ts" name="react export &gt; port detection &gt; throws when --port is explicitly set and that port is already in use" time="0.5229061">
        </testcase>
        <testcase classname="test/commands/react/export.test.ts" name="react export &gt; port detection &gt; does not spawn rapidreact when the explicit --port is already in use" time="0.5588562">
        </testcase>
        <testcase classname="test/commands/react/export.test.ts" name="react export &gt; --docker flag &gt; skips detectDatabases when --docker is set" time="0.6158907">
        </testcase>
        <testcase classname="test/commands/react/export.test.ts" name="react export &gt; --docker flag &gt; skips startDatabases when --docker is set" time="0.4715566">
        </testcase>
        <testcase classname="test/commands/react/export.test.ts" name="react export &gt; --docker flag &gt; still spawns rapidreact when --docker is set" time="0.4812614">
        </testcase>
        <testcase classname="test/commands/react/export.test.ts" name="react export &gt; --docker flag &gt; passes no db env vars to the rapidreact process when --docker is set" time="0.5072699">
        </testcase>
        <testcase classname="test/commands/react/export.test.ts" name="react export &gt; error handling &gt; throws when startDatabases rejects with an Error" time="0.4867074">
        </testcase>
        <testcase classname="test/commands/react/export.test.ts" name="react export &gt; error handling &gt; falls back to String(e) when startDatabases rejects with a non-Error value" time="0.5960427">
        </testcase>
        <testcase classname="test/commands/react/export.test.ts" name="react export &gt; error handling &gt; does not spawn rapidreact when startDatabases rejects" time="0.4899696">
        </testcase>
        <testcase classname="test/commands/react/export.test.ts" name="react export &gt; error handling &gt; throws when the rapidreact process exits with a non-zero code" time="0.4777805">
        </testcase>
        <testcase classname="test/commands/react/export.test.ts" name="react export &gt; error handling &gt; falls back to String(e) when the rapidreact process errors with a non-Error value" time="0.5224881">
        </testcase>
        <testcase classname="test/commands/react/export.test.ts" name="react export &gt; platform-specific behavior &gt; does not append .cmd to the rapidreact binary name on non-Windows platforms" time="0.0162936">
        </testcase>
        <testcase classname="test/commands/react/export.test.ts" name="react export &gt; platform-specific behavior &gt; does not pass a shell option (cross-spawn resolves the executable itself)" time="0.0145397">
        </testcase>
        <testcase classname="test/commands/react/export.test.ts" name="react export &gt; platform-specific behavior &gt; falls back to an empty string when process.env.PATH is unset" time="0.0548457">
        </testcase>
        <testcase classname="test/commands/react/export.test.ts" name="react export &gt; database log/warn forwarding &gt; forwards log and warn messages from startDatabases through to the command" time="0.5439926">
        </testcase>
    </testsuite>
</testsuites>
